Archive member included to satisfy reference by file (symbol)

/usr/lib/gcc/arm-none-eabi/4.9.3/../../../arm-none-eabi/lib/armv7-m/libm.a(lib_a-w_atan2.o)
                              build/obj/main.o (atan2)
/usr/lib/gcc/arm-none-eabi/4.9.3/../../../arm-none-eabi/lib/armv7-m/libm.a(lib_a-w_sqrt.o)
                              build/obj/main.o (sqrt)
/usr/lib/gcc/arm-none-eabi/4.9.3/../../../arm-none-eabi/lib/armv7-m/libm.a(lib_a-e_atan2.o)
                              /usr/lib/gcc/arm-none-eabi/4.9.3/../../../arm-none-eabi/lib/armv7-m/libm.a(lib_a-w_atan2.o) (__ieee754_atan2)
/usr/lib/gcc/arm-none-eabi/4.9.3/../../../arm-none-eabi/lib/armv7-m/libm.a(lib_a-e_sqrt.o)
                              /usr/lib/gcc/arm-none-eabi/4.9.3/../../../arm-none-eabi/lib/armv7-m/libm.a(lib_a-w_sqrt.o) (__ieee754_sqrt)
/usr/lib/gcc/arm-none-eabi/4.9.3/../../../arm-none-eabi/lib/armv7-m/libm.a(lib_a-s_atan.o)
                              /usr/lib/gcc/arm-none-eabi/4.9.3/../../../arm-none-eabi/lib/armv7-m/libm.a(lib_a-e_atan2.o) (atan)
/usr/lib/gcc/arm-none-eabi/4.9.3/../../../arm-none-eabi/lib/armv7-m/libm.a(lib_a-s_fabs.o)
                              /usr/lib/gcc/arm-none-eabi/4.9.3/../../../arm-none-eabi/lib/armv7-m/libm.a(lib_a-e_atan2.o) (fabs)
/usr/lib/gcc/arm-none-eabi/4.9.3/../../../arm-none-eabi/lib/armv7-m/libm.a(lib_a-s_fpclassify.o)
                              /usr/lib/gcc/arm-none-eabi/4.9.3/../../../arm-none-eabi/lib/armv7-m/libm.a(lib_a-w_sqrt.o) (__fpclassifyd)
/usr/lib/gcc/arm-none-eabi/4.9.3/../../../arm-none-eabi/lib/armv7-m/libm.a(lib_a-s_lib_ver.o)
                              /usr/lib/gcc/arm-none-eabi/4.9.3/../../../arm-none-eabi/lib/armv7-m/libm.a(lib_a-w_sqrt.o) (__fdlib_version)
/usr/lib/gcc/arm-none-eabi/4.9.3/../../../arm-none-eabi/lib/armv7-m/libm.a(lib_a-s_matherr.o)
                              /usr/lib/gcc/arm-none-eabi/4.9.3/../../../arm-none-eabi/lib/armv7-m/libm.a(lib_a-w_sqrt.o) (matherr)
/usr/lib/gcc/arm-none-eabi/4.9.3/armv7-m/libgcc.a(_arm_addsubdf3.o)
                              build/obj/hts221.o (__aeabi_dsub)
/usr/lib/gcc/arm-none-eabi/4.9.3/armv7-m/libgcc.a(_arm_muldivdf3.o)
                              build/obj/hts221.o (__aeabi_dmul)
/usr/lib/gcc/arm-none-eabi/4.9.3/armv7-m/libgcc.a(_arm_cmpdf2.o)
                              /usr/lib/gcc/arm-none-eabi/4.9.3/../../../arm-none-eabi/lib/armv7-m/libm.a(lib_a-w_sqrt.o) (__aeabi_dcmplt)
/usr/lib/gcc/arm-none-eabi/4.9.3/armv7-m/libgcc.a(_arm_fixdfsi.o)
                              build/obj/lsm9ds1.o (__aeabi_d2iz)
/usr/lib/gcc/arm-none-eabi/4.9.3/armv7-m/libgcc.a(_arm_truncdfsf2.o)
                              build/obj/hts221.o (__aeabi_d2f)
/usr/lib/gcc/arm-none-eabi/4.9.3/armv7-m/libgcc.a(_arm_addsubsf3.o)
                              build/obj/main.o (__aeabi_fsub)
/usr/lib/gcc/arm-none-eabi/4.9.3/armv7-m/libgcc.a(_arm_muldivsf3.o)
                              build/obj/lsm9ds1.o (__aeabi_fmul)
/usr/lib/gcc/arm-none-eabi/4.9.3/armv7-m/libgcc.a(unwind-arm.o)
                              build/obj/i2c.o (__aeabi_unwind_cpp_pr0)
/usr/lib/gcc/arm-none-eabi/4.9.3/armv7-m/libgcc.a(libunwind.o)
                              /usr/lib/gcc/arm-none-eabi/4.9.3/armv7-m/libgcc.a(unwind-arm.o) (restore_core_regs)
/usr/lib/gcc/arm-none-eabi/4.9.3/armv7-m/libgcc.a(pr-support.o)
                              /usr/lib/gcc/arm-none-eabi/4.9.3/armv7-m/libgcc.a(unwind-arm.o) (__gnu_unwind_execute)
/usr/lib/gcc/arm-none-eabi/4.9.3/../../../arm-none-eabi/lib/armv7-m/libc.a(lib_a-abort.o)
                              /usr/lib/gcc/arm-none-eabi/4.9.3/armv7-m/libgcc.a(unwind-arm.o) (abort)
/usr/lib/gcc/arm-none-eabi/4.9.3/../../../arm-none-eabi/lib/armv7-m/libc.a(lib_a-assert.o)
                              build/obj/atmel_adc.o (__assert_func)
/usr/lib/gcc/arm-none-eabi/4.9.3/../../../arm-none-eabi/lib/armv7-m/libc.a(lib_a-errno.o)
                              /usr/lib/gcc/arm-none-eabi/4.9.3/../../../arm-none-eabi/lib/armv7-m/libm.a(lib_a-w_sqrt.o) (__errno)
/usr/lib/gcc/arm-none-eabi/4.9.3/../../../arm-none-eabi/lib/armv7-m/libc.a(lib_a-fiprintf.o)
                              /usr/lib/gcc/arm-none-eabi/4.9.3/../../../arm-none-eabi/lib/armv7-m/libc.a(lib_a-assert.o) (fiprintf)
/usr/lib/gcc/arm-none-eabi/4.9.3/../../../arm-none-eabi/lib/armv7-m/libc.a(lib_a-impure.o)
                              /usr/lib/gcc/arm-none-eabi/4.9.3/../../../arm-none-eabi/lib/armv7-m/libc.a(lib_a-assert.o) (_impure_ptr)
/usr/lib/gcc/arm-none-eabi/4.9.3/../../../arm-none-eabi/lib/armv7-m/libc.a(lib_a-memcpy.o)
                              /usr/lib/gcc/arm-none-eabi/4.9.3/armv7-m/libgcc.a(unwind-arm.o) (memcpy)
/usr/lib/gcc/arm-none-eabi/4.9.3/../../../arm-none-eabi/lib/armv7-m/libc.a(lib_a-memset.o)
                              build/obj/syscalls.o (memset)
/usr/lib/gcc/arm-none-eabi/4.9.3/../../../arm-none-eabi/lib/armv7-m/libc.a(lib_a-signal.o)
[...]
Memory Configuration

Name             Origin             Length             Attributes
flash            0x0000000000400000 0x0000000000020000
ram              0x0000000020000000 0x0000000000008000
*default*        0x0000000000000000 0xffffffffffffffff

Linker script and memory map

LOAD build/obj/crt0.o
LOAD build/obj/vectors.o
LOAD build/obj/chcore.o
LOAD build/obj/chcore_v7m.o
LOAD build/obj/nvic.o
LOAD build/obj/chsys.o
LOAD build/obj/chlists.o
LOAD build/obj/chvt.o
LOAD build/obj/chschd.o
LOAD build/obj/chthreads.o
LOAD build/obj/chdynamic.o
LOAD build/obj/chregistry.o
LOAD build/obj/chsem.o
LOAD build/obj/chmtx.o
LOAD build/obj/chcond.o
LOAD build/obj/chevents.o
LOAD build/obj/chmsg.o
LOAD build/obj/chmboxes.o
LOAD build/obj/chqueues.o
LOAD build/obj/chmemcore.o
LOAD build/obj/chheap.o
LOAD build/obj/chmempools.o
LOAD build/obj/test.o
LOAD build/obj/testthd.o
LOAD build/obj/testsem.o
LOAD build/obj/testmtx.o
LOAD build/obj/testmsg.o
LOAD build/obj/testmbox.o
LOAD build/obj/testevt.o
LOAD build/obj/testheap.o
LOAD build/obj/testpools.o
LOAD build/obj/testdyn.o
LOAD build/obj/testqueues.o
LOAD build/obj/testbmk.o
LOAD build/obj/hal.o
LOAD build/obj/pal.o
LOAD build/obj/serial.o
LOAD build/obj/hal_lld.o
LOAD build/obj/system_SAM3.o
LOAD build/obj/pal_lld.o
LOAD build/obj/serial_lld.o
LOAD build/obj/atmel_adc.o
LOAD build/obj/pio.o
LOAD build/obj/pmc.o
LOAD build/obj/atmel_twi.o
LOAD build/obj/atmel_twid.o
LOAD build/obj/atmel_spi.o
LOAD build/obj/atmel_psram.o
LOAD build/obj/wdt.o
LOAD build/obj/board.o
LOAD build/obj/evtimer.o
LOAD build/obj/syscalls.o
LOAD build/obj/chprintf.o
LOAD build/obj/i2c.o
LOAD build/obj/hts221.o
LOAD build/obj/lsm9ds1.o
LOAD build/obj/mpl3115a2.o
LOAD build/obj/veml6070.o
LOAD build/obj/main.o
LOAD /usr/lib/gcc/arm-none-eabi/4.9.3/../../../arm-none-eabi/lib/armv7-m/libm.a
START GROUP
LOAD /usr/lib/gcc/arm-none-eabi/4.9.3/armv7-m/libgcc.a
LOAD /usr/lib/gcc/arm-none-eabi/4.9.3/../../../arm-none-eabi/lib/armv7-m/libc.a
END GROUP
                0x0000000000000400                __main_stack_size__ = 0x400
                0x0000000000000400                __process_stack_size__ = 0x400
                0x0000000000000800                __stacks_total_size__ = (__main_stack_size__ + __process_stack_size__)
                0x0000000020000000                __ram_start__ = ORIGIN (ram)
                0x0000000000008000                __ram_size__ = LENGTH (ram)
                0x0000000020008000                __ram_end__ = (__ram_start__ + __ram_size__)
                0x0000000000000000                . = 0x0
                0x0000000000000000                _text = .

startup         0x0000000000400000       0xd0
 *(vectors)
 vectors        0x0000000000400000       0xd0 build/obj/vectors.o
                0x0000000000400000                _vectors

constructors    0x00000000004000d0        0x0
                0x00000000004000d0                PROVIDE (__init_array_start, .)
 *(SORT(.init_array.*))
 *(.init_array)
                0x00000000004000d0                PROVIDE (__init_array_end, .)

destructors     0x00000000004000d0        0x0
                0x00000000004000d0                PROVIDE (__fini_array_start, .)
 *(.fini_array)
 *(SORT(.fini_array.*))
                0x00000000004000d0                PROVIDE (__fini_array_end, .)

.text           0x00000000004000d0     0x7d00
 *(.text.startup.*)
 .text.startup.main
                0x00000000004000d0       0x70 build/obj/main.o
                0x00000000004000d0                main
 *(.text)
 .text          0x0000000000400140      0x370 /usr/lib/gcc/arm-none-eabi/4.9.3/armv7-m/libgcc.a(_arm_addsubdf3.o)
                0x0000000000400140                __aeabi_drsub
                0x0000000000400148                __aeabi_dsub
                0x0000000000400148                __subdf3
                0x000000000040014c                __adddf3
                0x000000000040014c                __aeabi_dadd
                0x00000000004003c4                __aeabi_ui2d
                0x00000000004003c4                __floatunsidf
                0x00000000004003e4                __floatsidf
                0x00000000004003e4                __aeabi_i2d
                0x0000000000400408                __extendsfdf2
                0x0000000000400408                __aeabi_f2d
                0x0000000000400444                __aeabi_ul2d
                0x0000000000400444                __floatundidf
                0x0000000000400454                __floatdidf
                0x0000000000400454                __aeabi_l2d
 .text          0x00000000004004b0      0x424 /usr/lib/gcc/arm-none-eabi/4.9.3/armv7-m/libgcc.a(_arm_muldivdf3.o)
                0x00000000004004b0                __aeabi_dmul
                0x00000000004004b0                __muldf3
                0x0000000000400704                __aeabi_ddiv
                0x0000000000400704                __divdf3
 *fill*         0x00000000004008d4        0xc 
 .text          0x00000000004008e0      0x110 /usr/lib/gcc/arm-none-eabi/4.9.3/armv7-m/libgcc.a(_arm_cmpdf2.o)
                0x00000000004008e0                __gtdf2
                0x00000000004008e0                __gedf2
                0x00000000004008e8                __ltdf2
                0x00000000004008e8                __ledf2
                0x00000000004008f0                __cmpdf2
                0x00000000004008f0                __eqdf2
                0x00000000004008f0                __nedf2
                0x000000000040096c                __aeabi_cdrcmple
                0x000000000040097c                __aeabi_cdcmple
                0x000000000040097c                __aeabi_cdcmpeq
                0x000000000040098c                __aeabi_dcmpeq
                0x00000000004009a0                __aeabi_dcmplt
                0x00000000004009b4                __aeabi_dcmple
                0x00000000004009c8                __aeabi_dcmpge
                0x00000000004009dc                __aeabi_dcmpgt
 .text          0x00000000004009f0       0xa0 /usr/lib/gcc/arm-none-eabi/4.9.3/armv7-m/libgcc.a(_arm_truncdfsf2.o)
                0x00000000004009f0                __aeabi_d2f
                0x00000000004009f0                __truncdfsf2
 .text          0x0000000000400a90      0x21c /usr/lib/gcc/arm-none-eabi/4.9.3/armv7-m/libgcc.a(_arm_addsubsf3.o)
                0x0000000000400a90                __aeabi_frsub
                0x0000000000400a98                __subsf3
                0x0000000000400a98                __aeabi_fsub
                0x0000000000400a9c                __aeabi_fadd
                0x0000000000400a9c                __addsf3
                0x0000000000400bfc                __aeabi_ui2f
                0x0000000000400bfc                __floatunsisf
                0x0000000000400c04                __aeabi_i2f
                0x0000000000400c04                __floatsisf
                0x0000000000400c20                __floatundisf
                0x0000000000400c20                __aeabi_ul2f
                0x0000000000400c30                __floatdisf
                0x0000000000400c30                __aeabi_l2f
 *fill*         0x0000000000400cac        0x4 
 .text          0x0000000000400cb0      0x2a0 /usr/lib/gcc/arm-none-eabi/4.9.3/armv7-m/libgcc.a(_arm_muldivsf3.o)
                0x0000000000400cb0                __mulsf3
                0x0000000000400cb0                __aeabi_fmul
                0x0000000000400e18                __divsf3
                0x0000000000400e18                __aeabi_fdiv
 .text          0x0000000000400f50      0xa54 /usr/lib/gcc/arm-none-eabi/4.9.3/armv7-m/libgcc.a(unwind-arm.o)
                0x0000000000401230                _Unwind_GetCFA
                0x0000000000401234                __gnu_Unwind_RaiseException
                0x0000000000401294                __gnu_Unwind_ForcedUnwind
                0x00000000004012a8                __gnu_Unwind_Resume
                0x00000000004012ec                __gnu_Unwind_Resume_or_Rethrow
                0x0000000000401300                _Unwind_Complete
                0x0000000000401304                _Unwind_DeleteException
                0x0000000000401310                _Unwind_VRS_Get
                0x0000000000401360                _Unwind_VRS_Set
                0x00000000004013b0                __gnu_Unwind_Backtrace
                0x00000000004016f4                __aeabi_unwind_cpp_pr0
                0x00000000004016f8                __aeabi_unwind_cpp_pr1
                0x00000000004016fc                __aeabi_unwind_cpp_pr2
                0x0000000000401700                _Unwind_VRS_Pop
 *fill*         0x00000000004019a4        0xc 
 .text          0x00000000004019b0      0x1ac /usr/lib/gcc/arm-none-eabi/4.9.3/armv7-m/libgcc.a(libunwind.o)
                0x00000000004019b0                __restore_core_regs
                0x00000000004019b0                restore_core_regs
                0x00000000004019c8                __gnu_Unwind_Restore_VFP
                0x00000000004019d0                __gnu_Unwind_Save_VFP
                0x00000000004019d8                __gnu_Unwind_Restore_VFP_D
                0x00000000004019e0                __gnu_Unwind_Save_VFP_D
                0x00000000004019e8                __gnu_Unwind_Restore_VFP_D_16_to_31
                0x00000000004019f0                __gnu_Unwind_Save_VFP_D_16_to_31
                0x00000000004019f8                __gnu_Unwind_Restore_WMMXD
                0x0000000000401a3c                __gnu_Unwind_Save_WMMXD
                0x0000000000401a80                __gnu_Unwind_Restore_WMMXC
                0x0000000000401a94                __gnu_Unwind_Save_WMMXC
                0x0000000000401aa8                ___Unwind_RaiseException
                0x0000000000401aa8                _Unwind_RaiseException
                0x0000000000401acc                ___Unwind_Resume
                0x0000000000401acc                _Unwind_Resume
                0x0000000000401af0                _Unwind_Resume_or_Rethrow
                0x0000000000401af0                ___Unwind_Resume_or_Rethrow
                0x0000000000401b14                ___Unwind_ForcedUnwind
                0x0000000000401b14                _Unwind_ForcedUnwind
                0x0000000000401b38                _Unwind_Backtrace
                0x0000000000401b38                ___Unwind_Backtrace
 *fill*         0x0000000000401b5c        0x4 
 .text          0x0000000000401b60      0x37c /usr/lib/gcc/arm-none-eabi/4.9.3/armv7-m/libgcc.a(pr-support.o)
                0x0000000000401bb8                __gnu_unwind_execute
                0x0000000000401e84                __gnu_unwind_frame
                0x0000000000401eac                _Unwind_GetRegionStart
                0x0000000000401eb8                _Unwind_GetLanguageSpecificData
                0x0000000000401ecc                _Unwind_GetDataRelBase
                0x0000000000401ed4                _Unwind_GetTextRelBase
 *fill*         0x0000000000401edc        0x4 
 .text          0x0000000000401ee0       0xec /usr/lib/gcc/arm-none-eabi/4.9.3/../../../arm-none-eabi/lib/armv7-m/libc.a(lib_a-memcpy.o)
                0x0000000000401ee0                memcpy
 *fill*         0x0000000000401fcc        0x4 
 .text          0x0000000000401fd0       0x30 /usr/lib/gcc/arm-none-eabi/4.9.3/armv7-m/libgcc.a(_aeabi_uldivmod.o)
                0x0000000000401fd0                __aeabi_uldivmod
 .text          0x0000000000402000       0x60 /usr/lib/gcc/arm-none-eabi/4.9.3/armv7-m/libgcc.a(bpabi.o)
                0x0000000000402000                __gnu_ldivmod_helper
                0x0000000000402030                __gnu_uldivmod_helper
 .text          0x0000000000402060        0x4 /usr/lib/gcc/arm-none-eabi/4.9.3/armv7-m/libgcc.a(_dvmd_tls.o)
                0x0000000000402060                __aeabi_ldiv0
                0x0000000000402060                __aeabi_idiv0
 *fill*         0x0000000000402064        0xc 
 .text          0x0000000000402070      0x2ac /usr/lib/gcc/arm-none-eabi/4.9.3/armv7-m/libgcc.a(_divdi3.o)
                0x0000000000402070                __divdi3
 *fill*         0x000000000040231c        0x4 
 .text          0x0000000000402320      0x270 /usr/lib/gcc/arm-none-eabi/4.9.3/armv7-m/libgcc.a(_udivdi3.o)
                0x0000000000402320                __udivdi3
 *(.text.*)
 .text.__late_init
                0x0000000000402590        0x4 build/obj/crt0.o
                0x0000000000402590                __late_init
 *fill*         0x0000000000402594        0xc 
 .text._default_exit
                0x00000000004025a0        0x4 build/obj/crt0.o
                0x00000000004025a0                _default_exit
 *fill*         0x00000000004025a4        0xc 
 .text.ResetHandler
                0x00000000004025b0      0x108 build/obj/crt0.o
                0x00000000004025b0                ResetHandler
 *fill*         0x00000000004026b8        0x8 
 .text._unhandled_exception
                0x00000000004026c0        0x4 build/obj/vectors.o
                0x00000000004026c0                Vector58
                0x00000000004026c0                Vector9C
                0x00000000004026c0                VectorAC
                0x00000000004026c0                Vector5C
                0x00000000004026c0                NMIVector
                0x00000000004026c0                Vector8C
                0x00000000004026c0                VectorC8
                0x00000000004026c0                Vector94
                0x00000000004026c0                VectorA8
                0x00000000004026c0                VectorB4
                0x00000000004026c0                Vector74
                0x00000000004026c0                UsageFaultVector
                0x00000000004026c0                DebugMonitorVector
                0x00000000004026c0                Vector40
                0x00000000004026c0                VectorBC
                0x00000000004026c0                PendSVVector
                0x00000000004026c0                VectorCC
                0x00000000004026c0                Vector54
                0x00000000004026c0                Vector98
                0x00000000004026c0                Vector24
                0x00000000004026c0                Vector84
                0x00000000004026c0                BusFaultVector
                0x00000000004026c0                VectorC0
                0x00000000004026c0                HardFaultVector
                0x00000000004026c0                MemManageVector
                0x00000000004026c0                Vector6C
                0x00000000004026c0                VectorA0
                0x00000000004026c0                VectorC4
                0x00000000004026c0                Vector7C
                0x00000000004026c0                VectorB0
                0x00000000004026c0                Vector90
                0x00000000004026c0                Vector1C
                0x00000000004026c0                Vector48
                0x00000000004026c0                Vector70
                0x00000000004026c0                Vector4C
                0x00000000004026c0                Vector80
                0x00000000004026c0                Vector68
                0x00000000004026c0                Vector78
                0x00000000004026c0                _unhandled_exception
                0x00000000004026c0                Vector88
                0x00000000004026c0                Vector50
                0x00000000004026c0                Vector44
                0x00000000004026c0                Vector28
                0x00000000004026c0                VectorB8
                0x00000000004026c0                Vector34
                0x00000000004026c0                VectorA4
                0x00000000004026c0                Vector20
 *fill*         0x00000000004026c4        0xc 
 .text._port_switch_from_isr
                0x00000000004026d0        0x8 build/obj/chcore_v7m.o
                0x00000000004026d0                _port_switch_from_isr
 *fill*         0x00000000004026d8        0x8 
 .text.SVCallVector
                0x00000000004026e0       0x14 build/obj/chcore_v7m.o
                0x00000000004026e0                SVCallVector
 *fill*         0x00000000004026f4        0xc 
 .text._port_init
                0x0000000000402700       0x34 build/obj/chcore_v7m.o
                0x0000000000402700                _port_init
 *fill*         0x0000000000402734        0xc 
 .text._port_irq_epilogue
                0x0000000000402740       0x74 build/obj/chcore_v7m.o
                0x0000000000402740                _port_irq_epilogue
 *fill*         0x00000000004027b4        0xc 
 .text.SysTickVector
                0x00000000004027c0       0x1c build/obj/chcore_v7m.o
                0x00000000004027c0                SysTickVector
 *fill*         0x00000000004027dc        0x4 
 .text._port_switch
                0x00000000004027e0       0x10 build/obj/chcore_v7m.o
                0x00000000004027e0                _port_switch
 .text._port_thread_start
                0x00000000004027f0       0x10 build/obj/chcore_v7m.o
                0x00000000004027f0                _port_thread_start
 .text.nvicEnableVector
                0x0000000000402800       0x48 build/obj/nvic.o
                0x0000000000402800                nvicEnableVector
 *fill*         0x0000000000402848        0x8 
 .text.nvicSetSystemHandlerPriority
                0x0000000000402850       0x2c build/obj/nvic.o
                0x0000000000402850                nvicSetSystemHandlerPriority
 *fill*         0x000000000040287c        0x4 
 .text._idle_thread
                0x0000000000402880       0x14 build/obj/chsys.o
                0x0000000000402880                _idle_thread
 *fill*         0x0000000000402894        0xc 
 .text.chSysInit
                0x00000000004028a0       0x5c build/obj/chsys.o
                0x00000000004028a0                chSysInit
 *fill*         0x00000000004028fc        0x4 
 .text.chSysTimerHandlerI
                0x0000000000402900       0x50 build/obj/chsys.o
                0x0000000000402900                chSysTimerHandlerI
 .text._vt_init
                0x0000000000402950       0x18 build/obj/chvt.o
                0x0000000000402950                _vt_init
 *fill*         0x0000000000402968        0x8 
 .text.chVTSetI
                0x0000000000402970       0x3c build/obj/chvt.o
                0x0000000000402970                chVTSetI
 *fill*         0x00000000004029ac        0x4 
 .text.chVTResetI
                0x00000000004029b0       0x24 build/obj/chvt.o
                0x00000000004029b0                chVTResetI
 *fill*         0x00000000004029d4        0xc 
 .text.wakeup   0x00000000004029e0       0x58 build/obj/chschd.o
 *fill*         0x0000000000402a38        0x8 
 .text._scheduler_init
                0x0000000000402a40       0x18 build/obj/chschd.o
                0x0000000000402a40                _scheduler_init
 *fill*         0x0000000000402a58        0x8 
 .text.chSchReadyI
                0x0000000000402a60       0x2c build/obj/chschd.o
                0x0000000000402a60                chSchReadyI
 *fill*         0x0000000000402a8c        0x4 
 .text.chSchGoSleepS
                0x0000000000402a90       0x28 build/obj/chschd.o
                0x0000000000402a90                chSchGoSleepS
 *fill*         0x0000000000402ab8        0x8 
 .text.chSchGoSleepTimeoutS
                0x0000000000402ac0       0x44 build/obj/chschd.o
                0x0000000000402ac0                chSchGoSleepTimeoutS
 *fill*         0x0000000000402b04        0xc 
 .text.chSchWakeupS
                0x0000000000402b10       0x5c build/obj/chschd.o
                0x0000000000402b10                chSchWakeupS
 *fill*         0x0000000000402b6c        0x4 
 .text.chSchDoReschedule
                0x0000000000402b70       0x48 build/obj/chschd.o
                0x0000000000402b70                chSchDoReschedule
 *fill*         0x0000000000402bb8        0x8 
 .text._thread_init
                0x0000000000402bc0       0x44 build/obj/chthreads.o
                0x0000000000402bc0                _thread_init
 *fill*         0x0000000000402c04        0xc 
 .text.chThdCreateStatic
                0x0000000000402c10       0x80 build/obj/chthreads.o
                0x0000000000402c10                chThdCreateStatic
 .text.chThdSleep
                0x0000000000402c90       0x18 build/obj/chthreads.o
                0x0000000000402c90                chThdSleep
 *fill*         0x0000000000402ca8        0x8 
 .text.chThdExitS
                0x0000000000402cb0       0x40 build/obj/chthreads.o
                0x0000000000402cb0                chThdExitS
 .text.chThdExit
                0x0000000000402cf0        0xc build/obj/chthreads.o
                0x0000000000402cf0                chThdExit
 *fill*         0x0000000000402cfc        0x4 
 .text.chMtxInit
                0x0000000000402d00        0xc build/obj/chmtx.o
                0x0000000000402d00                chMtxInit
 *fill*         0x0000000000402d0c        0x4 
 .text.chEvtSignalFlagsI
                0x0000000000402d10       0x30 build/obj/chevents.o
                0x0000000000402d10                chEvtSignalFlagsI
 .text.chEvtBroadcastFlagsI
                0x0000000000402d40       0x20 build/obj/chevents.o
                0x0000000000402d40                chEvtBroadcastFlagsI
 .text.qwait    0x0000000000402d60       0x2c build/obj/chqueues.o
 *fill*         0x0000000000402d8c        0x4 
 .text.chIQInit
                0x0000000000402d90       0x1c build/obj/chqueues.o
                0x0000000000402d90                chIQInit
 *fill*         0x0000000000402dac        0x4 
 .text.chIQPutI
                0x0000000000402db0       0x4c build/obj/chqueues.o
                0x0000000000402db0                chIQPutI
 *fill*         0x0000000000402dfc        0x4 
 .text.chIQGetTimeout
                0x0000000000402e00       0x50 build/obj/chqueues.o
                0x0000000000402e00                chIQGetTimeout
 .text.chIQReadTimeout
                0x0000000000402e50       0x70 build/obj/chqueues.o
                0x0000000000402e50                chIQReadTimeout
 .text.chOQInit
                0x0000000000402ec0       0x1c build/obj/chqueues.o
                0x0000000000402ec0                chOQInit
 *fill*         0x0000000000402edc        0x4 
 .text.chOQPutTimeout
                0x0000000000402ee0       0x54 build/obj/chqueues.o
                0x0000000000402ee0                chOQPutTimeout
 *fill*         0x0000000000402f34        0xc 
 .text.chOQGetI
                0x0000000000402f40       0x48 build/obj/chqueues.o
                0x0000000000402f40                chOQGetI
 *fill*         0x0000000000402f88        0x8 
 .text.chOQWriteTimeout
                0x0000000000402f90       0x80 build/obj/chqueues.o
                0x0000000000402f90                chOQWriteTimeout
 .text._core_init
                0x0000000000403010       0x28 build/obj/chmemcore.o
                0x0000000000403010                _core_init
 *fill*         0x0000000000403038        0x8 
 .text.chCoreAlloc
                0x0000000000403040       0x38 build/obj/chmemcore.o
                0x0000000000403040                chCoreAlloc
 *fill*         0x0000000000403078        0x8 
 .text._heap_init
                0x0000000000403080       0x1c build/obj/chheap.o
                0x0000000000403080                _heap_init
 *fill*         0x000000000040309c        0x4 
 .text.halInit  0x00000000004030a0       0x1c build/obj/hal.o
                0x00000000004030a0                halInit
 *fill*         0x00000000004030bc        0x4 
 .text.putwouldblock
                0x00000000004030c0        0xc build/obj/serial.o
 *fill*         0x00000000004030cc        0x4 
 .text.getwouldblock
                0x00000000004030d0        0xc build/obj/serial.o
 *fill*         0x00000000004030dc        0x4 
 .text.getflags
                0x00000000004030e0       0x18 build/obj/serial.o
 *fill*         0x00000000004030f8        0x8 
 .text.readt    0x0000000000403100        0x8 build/obj/serial.o
 *fill*         0x0000000000403108        0x8 
 .text.reads    0x0000000000403110        0xc build/obj/serial.o
 *fill*         0x000000000040311c        0x4 
 .text.writet   0x0000000000403120        0x8 build/obj/serial.o
 *fill*         0x0000000000403128        0x8 
 .text.writes   0x0000000000403130        0xc build/obj/serial.o
 *fill*         0x000000000040313c        0x4 
 .text.gett     0x0000000000403140        0x8 build/obj/serial.o
 *fill*         0x0000000000403148        0x8 
 .text.putt     0x0000000000403150        0x8 build/obj/serial.o
 *fill*         0x0000000000403158        0x8 
 .text.sdInit   0x0000000000403160        0x4 build/obj/serial.o
                0x0000000000403160                sdInit
 *fill*         0x0000000000403164        0xc 
 .text.sdObjectInit
                0x0000000000403170       0x40 build/obj/serial.o
                0x0000000000403170                sdObjectInit
 .text.sdStart  0x00000000004031b0       0x1c build/obj/serial.o
                0x00000000004031b0                sdStart
 *fill*         0x00000000004031cc        0x4 
 .text.sdIncomingDataI
                0x00000000004031d0       0x4c build/obj/serial.o
                0x00000000004031d0                sdIncomingDataI
 *fill*         0x000000000040321c        0x4 
 .text.hal_lld_init
                0x0000000000403220       0x38 build/obj/hal_lld.o
                0x0000000000403220                hal_lld_init
 *fill*         0x0000000000403258        0x8 
 .text.at91sam3_clock_init
                0x0000000000403260        0x4 build/obj/hal_lld.o
                0x0000000000403260                at91sam3_clock_init
 *fill*         0x0000000000403264        0xc 
 .text.SystemCoreClockUpdate
                0x0000000000403270       0xf4 build/obj/system_SAM3.o
                0x0000000000403270                SystemCoreClockUpdate
 *fill*         0x0000000000403364        0xc 
 .text.SystemInit
                0x0000000000403370       0x94 build/obj/system_SAM3.o
                0x0000000000403370                SystemInit
 *fill*         0x0000000000403404        0xc 
 .text._pal_lld_init
                0x0000000000403410       0xb8 build/obj/pal_lld.o
                0x0000000000403410                _pal_lld_init
 *fill*         0x00000000004034c8        0x8 
 .text._pal_lld_setgroupmode
                0x00000000004034d0       0x34 build/obj/pal_lld.o
                0x00000000004034d0                _pal_lld_setgroupmode
 *fill*         0x0000000000403504        0xc 
 .text.notify1  0x0000000000403510        0xc build/obj/serial_lld.o
 *fill*         0x000000000040351c        0x4 
 .text.notify2  0x0000000000403520        0xc build/obj/serial_lld.o
 *fill*         0x000000000040352c        0x4 
 .text.serve_interrupt
                0x0000000000403530       0xa4 build/obj/serial_lld.o
 *fill*         0x00000000004035d4        0xc 
 .text.Vector60
                0x00000000004035e0       0x14 build/obj/serial_lld.o
                0x00000000004035e0                Vector60
 *fill*         0x00000000004035f4        0xc 
 .text.Vector64
                0x0000000000403600       0x14 build/obj/serial_lld.o
                0x0000000000403600                Vector64
 *fill*         0x0000000000403614        0xc 
 .text.sd_lld_init
                0x0000000000403620       0x58 build/obj/serial_lld.o
                0x0000000000403620                sd_lld_init
 *fill*         0x0000000000403678        0x8 
 .text.sd_lld_start
                0x0000000000403680       0xa4 build/obj/serial_lld.o
                0x0000000000403680                sd_lld_start
 *fill*         0x0000000000403724        0xc 
 .text.PIO_Configure
                0x0000000000403730      0x154 build/obj/pio.o
                0x0000000000403730                PIO_Configure
 *fill*         0x0000000000403884        0xc 
 .text.PMC_EnablePeripheral
                0x0000000000403890       0x50 build/obj/pmc.o
                0x0000000000403890                PMC_EnablePeripheral
 .text.unlikely.TWI_WriteByte.part.0
                0x00000000004038e0       0x1c build/obj/atmel_twi.o
 *fill*         0x00000000004038fc        0x4 
 .text.TWI_ConfigureMaster
                0x0000000000403900       0x74 build/obj/atmel_twi.o
                0x0000000000403900                TWI_ConfigureMaster
 *fill*         0x0000000000403974        0xc 
 .text.TWI_Stop
                0x0000000000403980       0x24 build/obj/atmel_twi.o
                0x0000000000403980                TWI_Stop
 *fill*         0x00000000004039a4        0xc 
 .text.TWI_StartRead
                0x00000000004039b0       0x74 build/obj/atmel_twi.o
                0x00000000004039b0                TWI_StartRead
 *fill*         0x0000000000403a24        0xc 
 .text.TWI_ReadByte
                0x0000000000403a30       0x24 build/obj/atmel_twi.o
                0x0000000000403a30                TWI_ReadByte
 *fill*         0x0000000000403a54        0xc 
 .text.TWI_WriteByte
                0x0000000000403a60        0xc build/obj/atmel_twi.o
                0x0000000000403a60                TWI_WriteByte
 *fill*         0x0000000000403a6c        0x4 
 .text.TWI_StartWrite
                0x0000000000403a70       0x78 build/obj/atmel_twi.o
                0x0000000000403a70                TWI_StartWrite
 *fill*         0x0000000000403ae8        0x8 
 .text.TWI_ByteReceived
                0x0000000000403af0        0x8 build/obj/atmel_twi.o
                0x0000000000403af0                TWI_ByteReceived
 *fill*         0x0000000000403af8        0x8 
 .text.TWI_ByteSent
                0x0000000000403b00        0x8 build/obj/atmel_twi.o
                0x0000000000403b00                TWI_ByteSent
 *fill*         0x0000000000403b08        0x8 
 .text.TWI_TransferComplete
                0x0000000000403b10        0x8 build/obj/atmel_twi.o
                0x0000000000403b10                TWI_TransferComplete
 *fill*         0x0000000000403b18        0x8 
 .text.TWI_EnableIt
                0x0000000000403b20       0x40 build/obj/atmel_twi.o
                0x0000000000403b20                TWI_EnableIt
 .text.TWI_SendSTOPCondition
                0x0000000000403b60       0x28 build/obj/atmel_twi.o
                0x0000000000403b60                TWI_SendSTOPCondition
 *fill*         0x0000000000403b88        0x8 
 .text.TWID_Initialize
                0x0000000000403b90        0x8 build/obj/atmel_twid.o
                0x0000000000403b90                TWID_Initialize
 *fill*         0x0000000000403b98        0x8 
 .text.TWID_Read
                0x0000000000403ba0      0x10c build/obj/atmel_twid.o
                0x0000000000403ba0                TWID_Read
 *fill*         0x0000000000403cac        0x4 
 .text.TWID_Write
                0x0000000000403cb0       0xe8 build/obj/atmel_twid.o
                0x0000000000403cb0                TWID_Write
 *fill*         0x0000000000403d98        0x8 
 .text.BOARD_ConfigurePSRAM
                0x0000000000403da0       0x30 build/obj/atmel_psram.o
                0x0000000000403da0                BOARD_ConfigurePSRAM
 .text.WDT_Restart
                0x0000000000403dd0        0xc build/obj/wdt.o
                0x0000000000403dd0                WDT_Restart
 *fill*         0x0000000000403ddc        0x4 
 .text.__early_init
                0x0000000000403de0        0x4 build/obj/board.o
                0x0000000000403de0                __early_init
 *fill*         0x0000000000403de4        0xc 
 .text.boardInit
                0x0000000000403df0       0x5c build/obj/board.o
                0x0000000000403df0                boardInit
 *fill*         0x0000000000403e4c        0x4 
 .text._read_r  0x0000000000403e50        0xc build/obj/syscalls.o
                0x0000000000403e50                _read_r
 *fill*         0x0000000000403e5c        0x4 
 .text._lseek_r
                0x0000000000403e60        0x4 build/obj/syscalls.o
                0x0000000000403e60                _lseek_r
 *fill*         0x0000000000403e64        0xc 
 .text._write_r
                0x0000000000403e70        0x4 build/obj/syscalls.o
                0x0000000000403e70                _write_r
 *fill*         0x0000000000403e74        0xc 
 .text._close_r
                0x0000000000403e80        0x4 build/obj/syscalls.o
                0x0000000000403e80                _close_r
 *fill*         0x0000000000403e84        0xc 
 .text._sbrk_r  0x0000000000403e90       0x18 build/obj/syscalls.o
                0x0000000000403e90                _sbrk_r
 *fill*         0x0000000000403ea8        0x8 
 .text._fstat_r
                0x0000000000403eb0       0x18 build/obj/syscalls.o
                0x0000000000403eb0                _fstat_r
 *fill*         0x0000000000403ec8        0x8 
 .text._isatty_r
                0x0000000000403ed0        0x4 build/obj/syscalls.o
                0x0000000000403ed0                _isatty_r
 *fill*         0x0000000000403ed4        0xc 
 .text._getpid  0x0000000000403ee0        0x4 build/obj/syscalls.o
                0x0000000000403ee0                _getpid
 *fill*         0x0000000000403ee4        0xc 
 .text._exit    0x0000000000403ef0        0x4 build/obj/syscalls.o
                0x0000000000403ef0                _exit
 *fill*         0x0000000000403ef4        0xc 
 .text._kill    0x0000000000403f00        0x8 build/obj/syscalls.o
                0x0000000000403f00                _kill
 *fill*         0x0000000000403f08        0x8 
 .text._ZN7creator3I2C4InitEv
                0x0000000000403f10       0x60 build/obj/i2c.o
                0x0000000000403f10                creator::I2C::Init()
 .text._ZN7creator3I2C9WriteByteEhhh
                0x0000000000403f70       0x28 build/obj/i2c.o
                0x0000000000403f70                creator::I2C::WriteByte(unsigned char, unsigned char, unsigned char)
 *fill*         0x0000000000403f98        0x8 
 .text._ZN7creator3I2C8ReadByteEhh
                0x0000000000403fa0       0x30 build/obj/i2c.o
                0x0000000000403fa0                creator::I2C::ReadByte(unsigned char, unsigned char)
 .text._ZN7creator3I2C9ReadBytesEhhPhh
                0x0000000000403fd0       0x30 build/obj/i2c.o
                0x0000000000403fd0                creator::I2C::ReadBytes(unsigned char, unsigned char, unsigned char*, unsigned char)
 .text._ZN7LSM9DS14initE14interface_modehh
                0x0000000000404000       0xbc build/obj/lsm9ds1.o
                0x0000000000404000                LSM9DS1::init(interface_mode, unsigned char, unsigned char)
 *fill*         0x00000000004040bc        0x4 
 .text._ZN7LSM9DS1C2EPN7creator3I2CE14interface_modehh
                0x00000000004040c0       0x1c build/obj/lsm9ds1.o
                0x00000000004040c0                LSM9DS1::LSM9DS1(creator::I2C*, interface_mode, unsigned char, unsigned char)
                0x00000000004040c0                LSM9DS1::LSM9DS1(creator::I2C*, interface_mode, unsigned char, unsigned char)
 *fill*         0x00000000004040dc        0x4 
 .text._ZN7LSM9DS18initGyroEv
                0x00000000004040e0       0xd8 build/obj/lsm9ds1.o
                0x00000000004040e0                LSM9DS1::initGyro()
 *fill*         0x00000000004041b8        0x8 
 .text._ZN7LSM9DS19initAccelEv
                0x00000000004041c0       0x9c build/obj/lsm9ds1.o
                0x00000000004041c0                LSM9DS1::initAccel()
 *fill*         0x000000000040425c        0x4 
 .text._ZN7LSM9DS17initMagEv
                0x0000000000404260       0xac build/obj/lsm9ds1.o
                0x0000000000404260                LSM9DS1::initMag()
 *fill*         0x000000000040430c        0x4 
 .text._ZN7LSM9DS19readAccelEv
                0x0000000000404310       0x68 build/obj/lsm9ds1.o
                0x0000000000404310                LSM9DS1::readAccel()
 *fill*         0x0000000000404378        0x8 
 .text._ZN7LSM9DS17readMagEv
                0x0000000000404380       0x48 build/obj/lsm9ds1.o
                0x0000000000404380                LSM9DS1::readMag()
 *fill*         0x00000000004043c8        0x8 
 .text._ZN7LSM9DS18readGyroEv
                0x00000000004043d0       0x68 build/obj/lsm9ds1.o
                0x00000000004043d0                LSM9DS1::readGyro()
 *fill*         0x0000000000404438        0x8 
 .text._ZN7LSM9DS18calcGyroEs
                0x0000000000404440       0x14 build/obj/lsm9ds1.o
                0x0000000000404440                LSM9DS1::calcGyro(short)
 *fill*         0x0000000000404454        0xc 
 .text._ZN7LSM9DS19calcAccelEs
                0x0000000000404460       0x14 build/obj/lsm9ds1.o
                0x0000000000404460                LSM9DS1::calcAccel(short)
 *fill*         0x0000000000404474        0xc 
 .text._ZN7LSM9DS17calcMagEs
                0x0000000000404480       0x14 build/obj/lsm9ds1.o
                0x0000000000404480                LSM9DS1::calcMag(short)
 *fill*         0x0000000000404494        0xc 
 .text._ZN7LSM9DS18calcmResEv
                0x00000000004044a0       0x40 build/obj/lsm9ds1.o
                0x00000000004044a0                LSM9DS1::calcmRes()
 .text._ZN7LSM9DS115constrainScalesEv
                0x00000000004044e0       0x48 build/obj/lsm9ds1.o
                0x00000000004044e0                LSM9DS1::constrainScales()
 *fill*         0x0000000000404528        0x8 
 .text._ZN7LSM9DS15beginEv
                0x0000000000404530       0x80 build/obj/lsm9ds1.o
                0x0000000000404530                LSM9DS1::begin()
 .text._ZL14BlinkingThreadPv
                0x00000000004045b0       0x20 build/obj/main.o
 .text._Z8set_dutyP7PWMDatacccc
                0x00000000004045d0       0xb0 build/obj/main.o
                0x00000000004045d0                set_duty(PWMData*, char, char, char, char)
 .text._Z10initMotorsP7PWMData
                0x0000000000404680       0x74 build/obj/main.o
                0x0000000000404680                initMotors(PWMData*)
 *fill*         0x00000000004046f4        0xc 
 .text._ZL9IMUThreadPv
                0x0000000000404700      0x364 build/obj/main.o
 *fill*         0x0000000000404a64        0xc 
 .text.atan2    0x0000000000404a70        0x4 /usr/lib/gcc/arm-none-eabi/4.9.3/../../../arm-none-eabi/lib/armv7-m/libm.a(lib_a-w_atan2.o)
                0x0000000000404a70                atan2
 *fill*         0x0000000000404a74        0xc 
 .text.sqrt     0x0000000000404a80       0xac /usr/lib/gcc/arm-none-eabi/4.9.3/../../../arm-none-eabi/lib/armv7-m/libm.a(lib_a-w_sqrt.o)
                0x0000000000404a80                sqrt
 *fill*         0x0000000000404b2c        0x4 
 .text.__ieee754_atan2
                0x0000000000404b30      0x1b8 /usr/lib/gcc/arm-none-eabi/4.9.3/../../../arm-none-eabi/lib/armv7-m/libm.a(lib_a-e_atan2.o)
                0x0000000000404b30                __ieee754_atan2
 *fill*         0x0000000000404ce8        0x8 
 .text.__ieee754_sqrt
                0x0000000000404cf0      0x18c /usr/lib/gcc/arm-none-eabi/4.9.3/../../../arm-none-eabi/lib/armv7-m/libm.a(lib_a-e_sqrt.o)
                0x0000000000404cf0                __ieee754_sqrt
 *fill*         0x0000000000404e7c        0x4 
 .text.atan     0x0000000000404e80      0x338 /usr/lib/gcc/arm-none-eabi/4.9.3/../../../arm-none-eabi/lib/armv7-m/libm.a(lib_a-s_atan.o)
                0x0000000000404e80                atan
 *fill*         0x00000000004051b8        0x8 
 .text.fabs     0x00000000004051c0        0x8 /usr/lib/gcc/arm-none-eabi/4.9.3/../../../arm-none-eabi/lib/armv7-m/libm.a(lib_a-s_fabs.o)
                0x00000000004051c0                fabs
 *fill*         0x00000000004051c8        0x8 
 .text.__fpclassifyd
                0x00000000004051d0       0x58 /usr/lib/gcc/arm-none-eabi/4.9.3/../../../arm-none-eabi/lib/armv7-m/libm.a(lib_a-s_fpclassify.o)
                0x00000000004051d0                __fpclassifyd
 *fill*         0x0000000000405228        0x8 
 .text.matherr  0x0000000000405230        0x4 /usr/lib/gcc/arm-none-eabi/4.9.3/../../../arm-none-eabi/lib/armv7-m/libm.a(lib_a-s_matherr.o)
                0x0000000000405230                matherr
 *fill*         0x0000000000405234        0xc 
 .text.abort    0x0000000000405240       0x10 /usr/lib/gcc/arm-none-eabi/4.9.3/../../../arm-none-eabi/lib/armv7-m/libc.a(lib_a-abort.o)
                0x0000000000405240                abort
 .text.__assert_func
                0x0000000000405250       0x3c /usr/lib/gcc/arm-none-eabi/4.9.3/../../../arm-none-eabi/lib/armv7-m/libc.a(lib_a-assert.o)
                0x0000000000405250                __assert_func
 *fill*         0x000000000040528c        0x4 
 .text.__errno  0x0000000000405290        0xc /usr/lib/gcc/arm-none-eabi/4.9.3/../../../arm-none-eabi/lib/armv7-m/libc.a(lib_a-errno.o)
                0x0000000000405290                __errno
 *fill*         0x000000000040529c        0x4 
 .text.fiprintf
                0x00000000004052a0       0x28 /usr/lib/gcc/arm-none-eabi/4.9.3/../../../arm-none-eabi/lib/armv7-m/libc.a(lib_a-fiprintf.o)
                0x00000000004052a0                fiprintf
 *fill*         0x00000000004052c8        0x8 
 .text.memset   0x00000000004052d0       0x9c /usr/lib/gcc/arm-none-eabi/4.9.3/../../../arm-none-eabi/lib/armv7-m/libc.a(lib_a-memset.o)
                0x00000000004052d0                memset
 *fill*         0x000000000040536c        0x4 
 .text._raise_r
                0x0000000000405370       0x58 /usr/lib/gcc/arm-none-eabi/4.9.3/../../../arm-none-eabi/lib/armv7-m/libc.a(lib_a-signal.o)
                0x0000000000405370                _raise_r
 *fill*         0x00000000004053c8        0x8 
 .text.raise    0x00000000004053d0       0x10 /usr/lib/gcc/arm-none-eabi/4.9.3/../../../arm-none-eabi/lib/armv7-m/libc.a(lib_a-signal.o)
                0x00000000004053d0                raise
 .text._kill_r  0x00000000004053e0       0x28 /usr/lib/gcc/arm-none-eabi/4.9.3/../../../arm-none-eabi/lib/armv7-m/libc.a(lib_a-signalr.o)
                0x00000000004053e0                _kill_r
 *fill*         0x0000000000405408        0x8 
 .text._getpid_r
                0x0000000000405410        0x4 /usr/lib/gcc/arm-none-eabi/4.9.3/../../../arm-none-eabi/lib/armv7-m/libc.a(lib_a-signalr.o)
                0x0000000000405410                _getpid_r
 *fill*         0x0000000000405414        0xc 
 .text.__sprint_r.part.0
                0x0000000000405420       0x78 /usr/lib/gcc/arm-none-eabi/4.9.3/../../../arm-none-eabi/lib/armv7-m/libc.a(lib_a-vfiprintf.o)
 *fill*         0x0000000000405498        0x8 
 .text._vfiprintf_r
                0x00000000004054a0      0xc10 /usr/lib/gcc/arm-none-eabi/4.9.3/../../../arm-none-eabi/lib/armv7-m/libc.a(lib_a-vfiprintf.o)
                0x00000000004054a0                _vfiprintf_r
 .text.__sbprintf
                0x00000000004060b0       0x7c /usr/lib/gcc/arm-none-eabi/4.9.3/../../../arm-none-eabi/lib/armv7-m/libc.a(lib_a-vfiprintf.o)
 *fill*         0x000000000040612c        0x4 
 .text.__swsetup_r
                0x0000000000406130       0xc4 /usr/lib/gcc/arm-none-eabi/4.9.3/../../../arm-none-eabi/lib/armv7-m/libc.a(lib_a-wsetup.o)
                0x0000000000406130                __swsetup_r
 *fill*         0x00000000004061f4        0xc 
 .text.__sflush_r
                0x0000000000406200      0x148 /usr/lib/gcc/arm-none-eabi/4.9.3/../../../arm-none-eabi/lib/armv7-m/libc.a(lib_a-fflush.o)
                0x0000000000406200                __sflush_r
 *fill*         0x0000000000406348        0x8 
 .text._fflush_r
                0x0000000000406350       0x2c /usr/lib/gcc/arm-none-eabi/4.9.3/../../../arm-none-eabi/lib/armv7-m/libc.a(lib_a-fflush.o)
                0x0000000000406350                _fflush_r
 *fill*         0x000000000040637c        0x4 
 .text._cleanup_r
                0x0000000000406380        0xc /usr/lib/gcc/arm-none-eabi/4.9.3/../../../arm-none-eabi/lib/armv7-m/libc.a(lib_a-findfp.o)
                0x0000000000406380                _cleanup_r
 *fill*         0x000000000040638c        0x4 
 .text.__sinit.part.1
                0x0000000000406390       0xf0 /usr/lib/gcc/arm-none-eabi/4.9.3/../../../arm-none-eabi/lib/armv7-m/libc.a(lib_a-findfp.o)
 .text.__sinit  0x0000000000406480        0xc /usr/lib/gcc/arm-none-eabi/4.9.3/../../../arm-none-eabi/lib/armv7-m/libc.a(lib_a-findfp.o)
                0x0000000000406480                __sinit
 *fill*         0x000000000040648c        0x4 
 .text.__sfp_lock_acquire
                0x0000000000406490        0x4 /usr/lib/gcc/arm-none-eabi/4.9.3/../../../arm-none-eabi/lib/armv7-m/libc.a(lib_a-findfp.o)
                0x0000000000406490                __sfp_lock_acquire
 *fill*         0x0000000000406494        0xc 
 .text.__sfp_lock_release
                0x00000000004064a0        0x4 /usr/lib/gcc/arm-none-eabi/4.9.3/../../../arm-none-eabi/lib/armv7-m/libc.a(lib_a-findfp.o)
                0x00000000004064a0                __sfp_lock_release
 *fill*         0x00000000004064a4        0xc 
 .text.__fputwc
                0x00000000004064b0       0xb0 /usr/lib/gcc/arm-none-eabi/4.9.3/../../../arm-none-eabi/lib/armv7-m/libc.a(lib_a-fputwc.o)
                0x00000000004064b0                __fputwc
 .text._fputwc_r
                0x0000000000406560       0x24 /usr/lib/gcc/arm-none-eabi/4.9.3/../../../arm-none-eabi/lib/armv7-m/libc.a(lib_a-fputwc.o)
                0x0000000000406560                _fputwc_r
 *fill*         0x0000000000406584        0xc 
 .text._malloc_trim_r
                0x0000000000406590       0x9c /usr/lib/gcc/arm-none-eabi/4.9.3/../../../arm-none-eabi/lib/armv7-m/libc.a(lib_a-freer.o)
                0x0000000000406590                _malloc_trim_r
 *fill*         0x000000000040662c        0x4 
 .text._free_r  0x0000000000406630      0x1b0 /usr/lib/gcc/arm-none-eabi/4.9.3/../../../arm-none-eabi/lib/armv7-m/libc.a(lib_a-freer.o)
                0x0000000000406630                _free_r
 .text.__sfvwrite_r
                0x00000000004067e0      0x320 /usr/lib/gcc/arm-none-eabi/4.9.3/../../../arm-none-eabi/lib/armv7-m/libc.a(lib_a-fvwrite.o)
                0x00000000004067e0                __sfvwrite_r
 .text._fwalk_reent
                0x0000000000406b00       0x50 /usr/lib/gcc/arm-none-eabi/4.9.3/../../../arm-none-eabi/lib/armv7-m/libc.a(lib_a-fwalk.o)
                0x0000000000406b00                _fwalk_reent
 .text.__locale_charset
                0x0000000000406b50        0x8 /usr/lib/gcc/arm-none-eabi/4.9.3/../../../arm-none-eabi/lib/armv7-m/libc.a(lib_a-locale.o)
                0x0000000000406b50                __locale_charset
 *fill*         0x0000000000406b58        0x8 
 .text.__locale_mb_cur_max
                0x0000000000406b60        0xc /usr/lib/gcc/arm-none-eabi/4.9.3/../../../arm-none-eabi/lib/armv7-m/libc.a(lib_a-locale.o)
                0x0000000000406b60                __locale_mb_cur_max
 *fill*         0x0000000000406b6c        0x4 
 .text.__smakebuf_r
                0x0000000000406b70       0xe0 /usr/lib/gcc/arm-none-eabi/4.9.3/../../../arm-none-eabi/lib/armv7-m/libc.a(lib_a-makebuf.o)
                0x0000000000406b70                __smakebuf_r
 .text._malloc_r
                0x0000000000406c50      0x50c /usr/lib/gcc/arm-none-eabi/4.9.3/../../../arm-none-eabi/lib/armv7-m/libc.a(lib_a-mallocr.o)
                0x0000000000406c50                _malloc_r
 *fill*         0x000000000040715c        0x4 
 .text.memchr   0x0000000000407160       0x94 /usr/lib/gcc/arm-none-eabi/4.9.3/../../../arm-none-eabi/lib/armv7-m/libc.a(lib_a-memchr.o)
                0x0000000000407160                memchr
 *fill*         0x00000000004071f4        0xc 
 .text.memmove  0x0000000000407200       0xc8 /usr/lib/gcc/arm-none-eabi/4.9.3/../../../arm-none-eabi/lib/armv7-m/libc.a(lib_a-memmove.o)
                0x0000000000407200                memmove
 *fill*         0x00000000004072c8        0x8 
 .text.__malloc_lock
                0x00000000004072d0        0x4 /usr/lib/gcc/arm-none-eabi/4.9.3/../../../arm-none-eabi/lib/armv7-m/libc.a(lib_a-mlock.o)
                0x00000000004072d0                __malloc_lock
 *fill*         0x00000000004072d4        0xc 
 .text.__malloc_unlock
                0x00000000004072e0        0x4 /usr/lib/gcc/arm-none-eabi/4.9.3/../../../arm-none-eabi/lib/armv7-m/libc.a(lib_a-mlock.o)
                0x00000000004072e0                __malloc_unlock
 *fill*         0x00000000004072e4        0xc 
 .text._realloc_r
                0x00000000004072f0      0x3e0 /usr/lib/gcc/arm-none-eabi/4.9.3/../../../arm-none-eabi/lib/armv7-m/libc.a(lib_a-reallocr.o)
                0x00000000004072f0                _realloc_r
 .text.__sread  0x00000000004076d0       0x24 /usr/lib/gcc/arm-none-eabi/4.9.3/../../../arm-none-eabi/lib/armv7-m/libc.a(lib_a-stdio.o)
                0x00000000004076d0                __sread
 *fill*         0x00000000004076f4        0xc 
 .text.__swrite
                0x0000000000407700       0x38 /usr/lib/gcc/arm-none-eabi/4.9.3/../../../arm-none-eabi/lib/armv7-m/libc.a(lib_a-stdio.o)
                0x0000000000407700                __swrite
 *fill*         0x0000000000407738        0x8 
 .text.__sseek  0x0000000000407740       0x20 /usr/lib/gcc/arm-none-eabi/4.9.3/../../../arm-none-eabi/lib/armv7-m/libc.a(lib_a-stdio.o)
                0x0000000000407740                __sseek
 .text.__sclose
                0x0000000000407760        0x8 /usr/lib/gcc/arm-none-eabi/4.9.3/../../../arm-none-eabi/lib/armv7-m/libc.a(lib_a-stdio.o)
                0x0000000000407760                __sclose
 *fill*         0x0000000000407768        0x8 
 .text.strlen   0x0000000000407770       0x5c /usr/lib/gcc/arm-none-eabi/4.9.3/../../../arm-none-eabi/lib/armv7-m/libc.a(lib_a-strlen.o)
                0x0000000000407770                strlen
 *fill*         0x00000000004077cc        0x4 
 .text.__swbuf_r
                0x00000000004077d0       0xa8 /usr/lib/gcc/arm-none-eabi/4.9.3/../../../arm-none-eabi/lib/armv7-m/libc.a(lib_a-wbuf.o)
                0x00000000004077d0                __swbuf_r
 *fill*         0x0000000000407878        0x8 
 .text._wcrtomb_r
                0x0000000000407880       0x54 /usr/lib/gcc/arm-none-eabi/4.9.3/../../../arm-none-eabi/lib/armv7-m/libc.a(lib_a-wcrtomb.o)
                0x0000000000407880                _wcrtomb_r
 *fill*         0x00000000004078d4        0xc 
 .text.__ascii_wctomb
                0x00000000004078e0       0x1c /usr/lib/gcc/arm-none-eabi/4.9.3/../../../arm-none-eabi/lib/armv7-m/libc.a(lib_a-wctomb_r.o)
                0x00000000004078e0                __ascii_wctomb
 *fill*         0x00000000004078fc        0x4 
 .text._fclose_r
                0x0000000000407900       0x84 /usr/lib/gcc/arm-none-eabi/4.9.3/../../../arm-none-eabi/lib/armv7-m/libc.a(lib_a-fclose.o)
                0x0000000000407900                _fclose_r
 *(.rodata)
 *(.rodata.*)
 *fill*         0x0000000000407984        0xc 
 .rodata.str1.4
                0x0000000000407990        0xd build/obj/chsys.o
 *fill*         0x000000000040799d        0x3 
 .rodata.vmt    0x00000000004079a0       0x24 build/obj/serial.o
 *fill*         0x00000000004079c4        0xc 
 .rodata.default_config
                0x00000000004079d0        0x8 build/obj/serial_lld.o
 *fill*         0x00000000004079d8        0x8 
 .rodata.__func__.4792
                0x00000000004079e0       0x15 build/obj/pmc.o
 *fill*         0x00000000004079f5        0xb 
 .rodata.str1.4
                0x0000000000407a00       0x42 build/obj/pmc.o
 *fill*         0x0000000000407a42        0xe 
 .rodata.__func__.4883
                0x0000000000407a50        0xf build/obj/atmel_twi.o
 *fill*         0x0000000000407a5f        0x1 
 .rodata.__func__.4915
                0x0000000000407a60       0x16 build/obj/atmel_twi.o
 *fill*         0x0000000000407a76        0xa 
 .rodata.__func__.4840
                0x0000000000407a80       0x14 build/obj/atmel_twi.o
 *fill*         0x0000000000407a94        0xc 
 .rodata.__func__.4897
                0x0000000000407aa0        0xd build/obj/atmel_twi.o
 *fill*         0x0000000000407aad        0x3 
 .rodata.str1.4
                0x0000000000407ab0       0xf0 build/obj/atmel_twi.o
 .rodata.__func__.4859
                0x0000000000407ba0        0x9 build/obj/atmel_twi.o
 *fill*         0x0000000000407ba9        0x7 
 .rodata.__func__.4870
                0x0000000000407bb0        0xd build/obj/atmel_twi.o
 *fill*         0x0000000000407bbd        0x3 
 .rodata.__func__.4866
                0x0000000000407bc0        0xe build/obj/atmel_twi.o
 *fill*         0x0000000000407bce        0x2 
 .rodata.__func__.4875
                0x0000000000407bd0        0xe build/obj/atmel_twi.o
 *fill*         0x0000000000407bde        0x2 
 .rodata.__func__.4895
                0x0000000000407be0        0xa build/obj/atmel_twid.o
 *fill*         0x0000000000407bea        0x6 
 .rodata.str1.4
                0x0000000000407bf0       0x3f build/obj/atmel_twid.o
                                         0x82 (size before relaxing)
 *fill*         0x0000000000407c2f        0x1 
 .rodata.__func__.4917
                0x0000000000407c30        0xb build/obj/atmel_twid.o
 *fill*         0x0000000000407c3b        0x5 
 .rodata.pal_default_config
                0x0000000000407c40       0x24 build/obj/board.o
                0x0000000000407c40                pal_default_config
 *fill*         0x0000000000407c64        0xc 
 .rodata._ZN7creatorL4pinsE
                0x0000000000407c70       0x18 build/obj/i2c.o
 *fill*         0x0000000000407c88        0x8 
 .rodata.CSWTCH.36
                0x0000000000407c90        0x9 build/obj/lsm9ds1.o
 *fill*         0x0000000000407c99        0x7 
 .rodata._ZL8pinPsram
                0x0000000000407ca0       0x3c build/obj/main.o
 *fill*         0x0000000000407cdc        0x4 
 .rodata.str1.4
                0x0000000000407ce0        0x5 /usr/lib/gcc/arm-none-eabi/4.9.3/../../../arm-none-eabi/lib/armv7-m/libm.a(lib_a-w_sqrt.o)
                                          0x8 (size before relaxing)
 *fill*         0x0000000000407ce5        0xb 
 .rodata.atanlo
                0x0000000000407cf0       0x20 /usr/lib/gcc/arm-none-eabi/4.9.3/../../../arm-none-eabi/lib/armv7-m/libm.a(lib_a-s_atan.o)
 .rodata.atanhi
                0x0000000000407d10       0x20 /usr/lib/gcc/arm-none-eabi/4.9.3/../../../arm-none-eabi/lib/armv7-m/libm.a(lib_a-s_atan.o)
 .rodata.str1.4
                0x0000000000407d30       0x3f /usr/lib/gcc/arm-none-eabi/4.9.3/../../../arm-none-eabi/lib/armv7-m/libc.a(lib_a-assert.o)
                                         0x44 (size before relaxing)
 *fill*         0x0000000000407d6f        0x1 
 .rodata.str1.4
                0x0000000000407d70        0x2 /usr/lib/gcc/arm-none-eabi/4.9.3/../../../arm-none-eabi/lib/armv7-m/libc.a(lib_a-impure.o)
                                          0x4 (size before relaxing)
 *fill*         0x0000000000407d72        0xe 
 .rodata.zeroes.6869
                0x0000000000407d80       0x10 /usr/lib/gcc/arm-none-eabi/4.9.3/../../../arm-none-eabi/lib/armv7-m/libc.a(lib_a-vfiprintf.o)
 .rodata.str1.4
                0x0000000000407d90       0x30 /usr/lib/gcc/arm-none-eabi/4.9.3/../../../arm-none-eabi/lib/armv7-m/libc.a(lib_a-vfiprintf.o)
 .rodata.blanks.6868
                0x0000000000407dc0       0x10 /usr/lib/gcc/arm-none-eabi/4.9.3/../../../arm-none-eabi/lib/armv7-m/libc.a(lib_a-vfiprintf.o)
 *(.glue_7t)
 .glue_7t       0x0000000000407dd0        0x0 linker stubs
 *(.glue_7)
 .glue_7        0x0000000000407dd0        0x0 linker stubs
 *(.gcc*)

.vfp11_veneer   0x0000000000407dd0        0x0
 .vfp11_veneer  0x0000000000407dd0        0x0 linker stubs

.v4_bx          0x0000000000407dd0        0x0
 .v4_bx         0x0000000000407dd0        0x0 linker stubs

.iplt           0x0000000000407dd0        0x0
 .iplt          0x0000000000407dd0        0x0 build/obj/crt0.o

.ARM.extab      0x0000000000407dd0       0x18
 *(.ARM.extab* .gnu.linkonce.armextab.*)
 .ARM.extab     0x0000000000407dd0       0x18 /usr/lib/gcc/arm-none-eabi/4.9.3/armv7-m/libgcc.a(pr-support.o)

.ARM.exidx      0x0000000000407de8      0x138
                0x0000000000407de8                PROVIDE (__exidx_start, .)
 *(.ARM.exidx* .gnu.linkonce.armexidx.*)
 .ARM.exidx.text._ZN7creator3I2C4InitEv
                0x0000000000407ea8        0x8 build/obj/i2c.o
 .ARM.exidx.text._ZN7creator3I2C9WriteByteEhhh
                0x0000000000407eb0        0x8 build/obj/i2c.o
 .ARM.exidx.text._ZN7creator3I2C8ReadByteEhh
                0x0000000000407eb8        0x8 build/obj/i2c.o
 .ARM.exidx.text._ZN7creator3I2C9ReadBytesEhhPhh
                0x0000000000407ec0        0x8 build/obj/i2c.o
 .ARM.exidx.text._ZN7LSM9DS14initE14interface_modehh
                0x0000000000407ec8        0x8 build/obj/lsm9ds1.o
 .ARM.exidx.text._ZN7LSM9DS1C2EPN7creator3I2CE14interface_modehh
                0x0000000000407ed0        0x0 build/obj/lsm9ds1.o
                                          0x8 (size before relaxing)
 .ARM.exidx.text._ZN7LSM9DS18initGyroEv
                0x0000000000407ed0        0x8 build/obj/lsm9ds1.o
 .ARM.exidx.text._ZN7LSM9DS19initAccelEv
                0x0000000000407ed8        0x0 build/obj/lsm9ds1.o
                                          0x8 (size before relaxing)
 .ARM.exidx.text._ZN7LSM9DS17initMagEv
                0x0000000000407ed8        0x0 build/obj/lsm9ds1.o
                                          0x8 (size before relaxing)
 .ARM.exidx.text._ZN7LSM9DS19readAccelEv
                0x0000000000407ed8        0x8 build/obj/lsm9ds1.o
 .ARM.exidx.text._ZN7LSM9DS17readMagEv
                0x0000000000407ee0        0x8 build/obj/lsm9ds1.o
 .ARM.exidx.text._ZN7LSM9DS18readGyroEv
                0x0000000000407ee8        0x8 build/obj/lsm9ds1.o
 .ARM.exidx.text._ZN7LSM9DS18calcGyroEs
                0x0000000000407ef0        0x8 build/obj/lsm9ds1.o
 .ARM.exidx.text._ZN7LSM9DS19calcAccelEs
                0x0000000000407ef8        0x0 build/obj/lsm9ds1.o
                                          0x8 (size before relaxing)
 .ARM.exidx.text._ZN7LSM9DS17calcMagEs
                0x0000000000407ef8        0x0 build/obj/lsm9ds1.o
                                          0x8 (size before relaxing)
 .ARM.exidx.text._ZN7LSM9DS18calcmResEv
                0x0000000000407ef8        0x0 build/obj/lsm9ds1.o
                                          0x8 (size before relaxing)
 .ARM.exidx.text._ZN7LSM9DS115constrainScalesEv
                0x0000000000407ef8        0x0 build/obj/lsm9ds1.o
                                          0x8 (size before relaxing)
 .ARM.exidx.text._ZN7LSM9DS15beginEv
                0x0000000000407ef8        0x8 build/obj/lsm9ds1.o
 .ARM.exidx.text._ZL14BlinkingThreadPv
                0x0000000000407f00        0x8 build/obj/main.o
 .ARM.exidx.text._Z8set_dutyP7PWMDatacccc
                0x0000000000407f08        0x8 build/obj/main.o
 .ARM.exidx.text._Z10initMotorsP7PWMData
                0x0000000000407f10        0x0 build/obj/main.o
                                          0x8 (size before relaxing)
 .ARM.exidx.text._ZL9IMUThreadPv
                0x0000000000407f10       0x10 build/obj/main.o
                                          0x8 (size before relaxing)
 .ARM.exidx.text.startup.main
                0x0000000000407de8       0x10 build/obj/main.o
                                          0x8 (size before relaxing)
 .ARM.exidx     0x0000000000407df8       0x78 /usr/lib/gcc/arm-none-eabi/4.9.3/armv7-m/libgcc.a(unwind-arm.o)
                                         0xd8 (size before relaxing)
 .ARM.exidx     0x0000000000407e70       0x38 /usr/lib/gcc/arm-none-eabi/4.9.3/armv7-m/libgcc.a(pr-support.o)
                                         0x48 (size before relaxing)
 .ARM.exidx     0x0000000000407ea8        0x0 /usr/lib/gcc/arm-none-eabi/4.9.3/armv7-m/libgcc.a(_divdi3.o)
                                          0x8 (size before relaxing)
 .ARM.exidx     0x0000000000407ea8        0x0 /usr/lib/gcc/arm-none-eabi/4.9.3/armv7-m/libgcc.a(_udivdi3.o)
                                          0x8 (size before relaxing)
                0x0000000000407f20                PROVIDE (__exidx_end, .)

.rel.dyn        0x0000000000407f20        0x0
 .rel.iplt      0x0000000000407f20        0x0 build/obj/crt0.o

.eh_frame_hdr
 *(.eh_frame_hdr)

.eh_frame
 *(.eh_frame)

.textalign      0x0000000000407f20        0x0
                0x0000000000407f20                . = ALIGN (0x8)
                0x0000000000407f20                _etext = .
                0x0000000000407f20                _textdata = _etext

.stacks         0x0000000020000000      0x800
                0x0000000020000000                . = ALIGN (0x8)
                0x0000000020000000                __main_stack_base__ = .
                0x0000000020000400                . = (. + __main_stack_size__)
 *fill*         0x0000000020000000      0x400 
                0x0000000020000400                . = ALIGN (0x8)
                0x0000000020000400                __main_stack_end__ = .
                0x0000000020000400                __process_stack_base__ = .
                0x0000000020000400                __main_thread_stack_base__ = .
                0x0000000020000800                . = (. + __process_stack_size__)
 *fill*         0x0000000020000400      0x400 
                0x0000000020000800                . = ALIGN (0x8)
                0x0000000020000800                __process_stack_end__ = .
                0x0000000020000800                __main_thread_stack_end__ = .

.data           0x0000000020000800      0x87c load address 0x0000000000407f20
                0x0000000020000800                . = ALIGN (0x4)
                0x0000000020000800                PROVIDE (_data, .)
 *(.data)
                0x0000000020000800                . = ALIGN (0x4)
 *(.data.*)
 .data.SystemCoreClock
                0x0000000020000800        0x4 build/obj/system_SAM3.o
                0x0000000020000800                SystemCoreClock
 .data.magSensitivity
                0x0000000020000804       0x10 build/obj/lsm9ds1.o
                0x0000000020000804                magSensitivity
 .data.__fdlib_version
                0x0000000020000814        0x1 /usr/lib/gcc/arm-none-eabi/4.9.3/../../../arm-none-eabi/lib/armv7-m/libm.a(lib_a-s_lib_ver.o)
                0x0000000020000814                __fdlib_version
 *fill*         0x0000000020000815        0x3 
 .data.impure_data
                0x0000000020000818      0x428 /usr/lib/gcc/arm-none-eabi/4.9.3/../../../arm-none-eabi/lib/armv7-m/libc.a(lib_a-impure.o)
 .data._impure_ptr
                0x0000000020000c40        0x4 /usr/lib/gcc/arm-none-eabi/4.9.3/../../../arm-none-eabi/lib/armv7-m/libc.a(lib_a-impure.o)
                0x0000000020000c40                _impure_ptr
 .data.lc_ctype_charset
                0x0000000020000c44       0x20 /usr/lib/gcc/arm-none-eabi/4.9.3/../../../arm-none-eabi/lib/armv7-m/libc.a(lib_a-locale.o)
 .data.__mb_cur_max
                0x0000000020000c64        0x4 /usr/lib/gcc/arm-none-eabi/4.9.3/../../../arm-none-eabi/lib/armv7-m/libc.a(lib_a-locale.o)
                0x0000000020000c64                __mb_cur_max
 .data.__malloc_av_
                0x0000000020000c68      0x408 /usr/lib/gcc/arm-none-eabi/4.9.3/../../../arm-none-eabi/lib/armv7-m/libc.a(lib_a-mallocr.o)
                0x0000000020000c68                __malloc_av_
 .data.__malloc_trim_threshold
                0x0000000020001070        0x4 /usr/lib/gcc/arm-none-eabi/4.9.3/../../../arm-none-eabi/lib/armv7-m/libc.a(lib_a-mallocr.o)
                0x0000000020001070                __malloc_trim_threshold
 .data.__malloc_sbrk_base
                0x0000000020001074        0x4 /usr/lib/gcc/arm-none-eabi/4.9.3/../../../arm-none-eabi/lib/armv7-m/libc.a(lib_a-mallocr.o)
                0x0000000020001074                __malloc_sbrk_base
 .data.__wctomb
                0x0000000020001078        0x4 /usr/lib/gcc/arm-none-eabi/4.9.3/../../../arm-none-eabi/lib/armv7-m/libc.a(lib_a-wctomb_r.o)
                0x0000000020001078                __wctomb
                0x000000002000107c                . = ALIGN (0x4)
 *(.ramtext)
                0x000000002000107c                . = ALIGN (0x4)
                0x000000002000107c                PROVIDE (_edata, .)

.igot.plt       0x000000002000107c        0x0 load address 0x000000000040879c
 .igot.plt      0x000000002000107c        0x0 build/obj/crt0.o

.bss            0x0000000020001080      0x628 load address 0x000000000040879c
                0x0000000020001080                . = ALIGN (0x4)
                0x0000000020001080                PROVIDE (_bss_start, .)
 *(.bss)
                0x0000000020001080                . = ALIGN (0x4)
 *(.bss.*)
 .bss.mainthread.4837
                0x0000000020001080       0x48 build/obj/chsys.o
 .bss._idle_thread_wa
                0x00000000200010c8       0xc0 build/obj/chsys.o
                0x00000000200010c8                _idle_thread_wa
 .bss.vtlist    0x0000000020001188       0x10 build/obj/chvt.o
                0x0000000020001188                vtlist
 .bss.rlist     0x0000000020001198       0x20 build/obj/chschd.o
                0x0000000020001198                rlist
 .bss.endmem    0x00000000200011b8        0x4 build/obj/chmemcore.o
 .bss.nextmem   0x00000000200011bc        0x4 build/obj/chmemcore.o
 .bss.default_heap
                0x00000000200011c0       0x20 build/obj/chheap.o
 .bss.SD1       0x00000000200011e0       0x74 build/obj/serial_lld.o
                0x00000000200011e0                SD1
 .bss.SD2       0x0000000020001254       0x74 build/obj/serial_lld.o
                0x0000000020001254                SD2
 .bss._ZL16waBlinkingThread
                0x00000000200012c8       0xf0 build/obj/main.o
 .bss.i2c       0x00000000200013b8        0x8 build/obj/main.o
                0x00000000200013b8                i2c
 .bss._ZL11waIMUThread
                0x00000000200013c0      0x2b0 build/obj/main.o
 .bss.__malloc_max_total_mem
                0x0000000020001670        0x4 /usr/lib/gcc/arm-none-eabi/4.9.3/../../../arm-none-eabi/lib/armv7-m/libc.a(lib_a-mallocr.o)
                0x0000000020001670                __malloc_max_total_mem
 .bss.__malloc_max_sbrked_mem
                0x0000000020001674        0x4 /usr/lib/gcc/arm-none-eabi/4.9.3/../../../arm-none-eabi/lib/armv7-m/libc.a(lib_a-mallocr.o)
                0x0000000020001674                __malloc_max_sbrked_mem
 .bss.__malloc_top_pad
                0x0000000020001678        0x4 /usr/lib/gcc/arm-none-eabi/4.9.3/../../../arm-none-eabi/lib/armv7-m/libc.a(lib_a-mallocr.o)
                0x0000000020001678                __malloc_top_pad
 .bss.__malloc_current_mallinfo
                0x000000002000167c       0x28 /usr/lib/gcc/arm-none-eabi/4.9.3/../../../arm-none-eabi/lib/armv7-m/libc.a(lib_a-mallocr.o)
                0x000000002000167c                __malloc_current_mallinfo
                0x00000000200016a4                . = ALIGN (0x4)
 *(COMMON)
 COMMON         0x00000000200016a4        0x4 /usr/lib/gcc/arm-none-eabi/4.9.3/../../../arm-none-eabi/lib/armv7-m/libc.a(lib_a-reent.o)
                0x00000000200016a4                errno
                0x00000000200016a8                . = ALIGN (0x4)
                0x00000000200016a8                PROVIDE (_bss_end, .)
                [!provide]                        PROVIDE (end, .)
                0x00000000200016a8                _end = .
                0x00000000200016a8                __heap_base__ = _end
                0x0000000020008000                __heap_end__ = __ram_end__
OUTPUT(build/ch.elf elf32-littlearm)

.debug_info     0x0000000000000000    0x27a4e
 .debug_info    0x0000000000000000      0x2f2 build/obj/crt0.o
 .debug_info    0x00000000000002f2       0xb3 build/obj/vectors.o
 .debug_info    0x00000000000003a5      0x815 build/obj/chcore_v7m.o
 .debug_info    0x0000000000000bba      0x3ff build/obj/nvic.o
 .debug_info    0x0000000000000fb9      0x6bf build/obj/chsys.o
 .debug_info    0x0000000000001678      0x262 build/obj/chvt.o
 .debug_info    0x00000000000018da      0x8d3 build/obj/chschd.o
 .debug_info    0x00000000000021ad      0xbe1 build/obj/chthreads.o
 .debug_info    0x0000000000002d8e      0x9ec build/obj/chmtx.o
 .debug_info    0x000000000000377a      0xcc8 build/obj/chevents.o
 .debug_info    0x0000000000004442      0xbb3 build/obj/chqueues.o
 .debug_info    0x0000000000004ff5      0x218 build/obj/chmemcore.o
 .debug_info    0x000000000000520d      0x6db build/obj/chheap.o
 .debug_info    0x00000000000058e8      0x188 build/obj/hal.o
 .debug_info    0x0000000000005a70     0x10e9 build/obj/serial.o
 .debug_info    0x0000000000006b59      0x177 build/obj/hal_lld.o
 .debug_info    0x0000000000006cd0      0x42e build/obj/system_SAM3.o
 .debug_info    0x00000000000070fe      0x88c build/obj/pal_lld.o
 .debug_info    0x000000000000798a     0x1594 build/obj/serial_lld.o
 .debug_info    0x0000000000008f1e      0x9e9 build/obj/pio.o
 .debug_info    0x0000000000009907      0x5a8 build/obj/pmc.o
 .debug_info    0x0000000000009eaf      0xb97 build/obj/atmel_twi.o
 .debug_info    0x000000000000aa46      0xa20 build/obj/atmel_twid.o
 .debug_info    0x000000000000b466      0x222 build/obj/atmel_psram.o
 .debug_info    0x000000000000b688      0x1d7 build/obj/wdt.o
 .debug_info    0x000000000000b85f      0x6f8 build/obj/board.o
 .debug_info    0x000000000000bf57      0xc8d build/obj/syscalls.o
 .debug_info    0x000000000000cbe4     0x1052 build/obj/i2c.o
 .debug_info    0x000000000000dc36     0x3697 build/obj/lsm9ds1.o
 .debug_info    0x00000000000112cd     0x2c09 build/obj/main.o
 .debug_info    0x0000000000013ed6       0xff /usr/lib/gcc/arm-none-eabi/4.9.3/../../../arm-none-eabi/lib/armv7-m/libm.a(lib_a-w_atan2.o)
 .debug_info    0x0000000000013fd5      0x208 /usr/lib/gcc/arm-none-eabi/4.9.3/../../../arm-none-eabi/lib/armv7-m/libm.a(lib_a-w_sqrt.o)
 .debug_info    0x00000000000141dd      0x2ad /usr/lib/gcc/arm-none-eabi/4.9.3/../../../arm-none-eabi/lib/armv7-m/libm.a(lib_a-e_atan2.o)
 .debug_info    0x000000000001448a      0x22d /usr/lib/gcc/arm-none-eabi/4.9.3/../../../arm-none-eabi/lib/armv7-m/libm.a(lib_a-e_sqrt.o)
 .debug_info    0x00000000000146b7      0x2ab /usr/lib/gcc/arm-none-eabi/4.9.3/../../../arm-none-eabi/lib/armv7-m/libm.a(lib_a-s_atan.o)
 .debug_info    0x0000000000014962      0x13a /usr/lib/gcc/arm-none-eabi/4.9.3/../../../arm-none-eabi/lib/armv7-m/libm.a(lib_a-s_fabs.o)
 .debug_info    0x0000000000014a9c       0xd3 /usr/lib/gcc/arm-none-eabi/4.9.3/../../../arm-none-eabi/lib/armv7-m/libm.a(lib_a-s_fpclassify.o)
 .debug_info    0x0000000000014b6f       0xbe /usr/lib/gcc/arm-none-eabi/4.9.3/../../../arm-none-eabi/lib/armv7-m/libm.a(lib_a-s_lib_ver.o)
 .debug_info    0x0000000000014c2d      0x129 /usr/lib/gcc/arm-none-eabi/4.9.3/../../../arm-none-eabi/lib/armv7-m/libm.a(lib_a-s_matherr.o)
 .debug_info    0x0000000000014d56       0xba /usr/lib/gcc/arm-none-eabi/4.9.3/armv7-m/libgcc.a(_arm_addsubdf3.o)
 .debug_info    0x0000000000014e10       0xba /usr/lib/gcc/arm-none-eabi/4.9.3/armv7-m/libgcc.a(_arm_muldivdf3.o)
 .debug_info    0x0000000000014eca       0xba /usr/lib/gcc/arm-none-eabi/4.9.3/armv7-m/libgcc.a(_arm_cmpdf2.o)
 .debug_info    0x0000000000014f84       0xba /usr/lib/gcc/arm-none-eabi/4.9.3/armv7-m/libgcc.a(_arm_truncdfsf2.o)
 .debug_info    0x000000000001503e       0xba /usr/lib/gcc/arm-none-eabi/4.9.3/armv7-m/libgcc.a(_arm_addsubsf3.o)
 .debug_info    0x00000000000150f8       0xba /usr/lib/gcc/arm-none-eabi/4.9.3/armv7-m/libgcc.a(_arm_muldivsf3.o)
 .debug_info    0x00000000000151b2       0xd4 /usr/lib/gcc/arm-none-eabi/4.9.3/../../../arm-none-eabi/lib/armv7-m/libc.a(lib_a-abort.o)
 .debug_info    0x0000000000015286      0x997 /usr/lib/gcc/arm-none-eabi/4.9.3/../../../arm-none-eabi/lib/armv7-m/libc.a(lib_a-assert.o)
 .debug_info    0x0000000000015c1d      0x889 /usr/lib/gcc/arm-none-eabi/4.9.3/../../../arm-none-eabi/lib/armv7-m/libc.a(lib_a-errno.o)
 .debug_info    0x00000000000164a6      0x9c3 /usr/lib/gcc/arm-none-eabi/4.9.3/../../../arm-none-eabi/lib/armv7-m/libc.a(lib_a-fiprintf.o)
 .debug_info    0x0000000000016e69      0x894 /usr/lib/gcc/arm-none-eabi/4.9.3/../../../arm-none-eabi/lib/armv7-m/libc.a(lib_a-impure.o)
 .debug_info    0x00000000000176fd       0xcd /usr/lib/gcc/arm-none-eabi/4.9.3/../../../arm-none-eabi/lib/armv7-m/libc.a(lib_a-memcpy.o)
 .debug_info    0x00000000000177ca      0x117 /usr/lib/gcc/arm-none-eabi/4.9.3/../../../arm-none-eabi/lib/armv7-m/libc.a(lib_a-memset.o)
 .debug_info    0x00000000000178e1      0xbad /usr/lib/gcc/arm-none-eabi/4.9.3/../../../arm-none-eabi/lib/armv7-m/libc.a(lib_a-signal.o)
 .debug_info    0x000000000001848e      0x956 /usr/lib/gcc/arm-none-eabi/4.9.3/../../../arm-none-eabi/lib/armv7-m/libc.a(lib_a-signalr.o)
 .debug_info    0x0000000000018de4     0x152f /usr/lib/gcc/arm-none-eabi/4.9.3/../../../arm-none-eabi/lib/armv7-m/libc.a(lib_a-vfiprintf.o)
 .debug_info    0x000000000001a313      0x93b /usr/lib/gcc/arm-none-eabi/4.9.3/../../../arm-none-eabi/lib/armv7-m/libc.a(lib_a-wsetup.o)
 .debug_info    0x000000000001ac4e      0xab3 /usr/lib/gcc/arm-none-eabi/4.9.3/../../../arm-none-eabi/lib/armv7-m/libc.a(lib_a-fflush.o)
 .debug_info    0x000000000001b701      0xdc0 /usr/lib/gcc/arm-none-eabi/4.9.3/../../../arm-none-eabi/lib/armv7-m/libc.a(lib_a-findfp.o)
 .debug_info    0x000000000001c4c1      0xacc /usr/lib/gcc/arm-none-eabi/4.9.3/../../../arm-none-eabi/lib/armv7-m/libc.a(lib_a-fputwc.o)
 .debug_info    0x000000000001cf8d      0xc1c /usr/lib/gcc/arm-none-eabi/4.9.3/../../../arm-none-eabi/lib/armv7-m/libc.a(lib_a-freer.o)
 .debug_info    0x000000000001dba9      0xc63 /usr/lib/gcc/arm-none-eabi/4.9.3/../../../arm-none-eabi/lib/armv7-m/libc.a(lib_a-fvwrite.o)
 .debug_info    0x000000000001e80c      0x99e /usr/lib/gcc/arm-none-eabi/4.9.3/../../../arm-none-eabi/lib/armv7-m/libc.a(lib_a-fwalk.o)
 .debug_info    0x000000000001f1aa      0xc24 /usr/lib/gcc/arm-none-eabi/4.9.3/../../../arm-none-eabi/lib/armv7-m/libc.a(lib_a-locale.o)
 .debug_info    0x000000000001fdce      0xae6 /usr/lib/gcc/arm-none-eabi/4.9.3/../../../arm-none-eabi/lib/armv7-m/libc.a(lib_a-makebuf.o)
 .debug_info    0x00000000000208b4      0xd77 /usr/lib/gcc/arm-none-eabi/4.9.3/../../../arm-none-eabi/lib/armv7-m/libc.a(lib_a-mallocr.o)
 .debug_info    0x000000000002162b      0x129 /usr/lib/gcc/arm-none-eabi/4.9.3/../../../arm-none-eabi/lib/armv7-m/libc.a(lib_a-memchr.o)
 .debug_info    0x0000000000021754      0x131 /usr/lib/gcc/arm-none-eabi/4.9.3/../../../arm-none-eabi/lib/armv7-m/libc.a(lib_a-memmove.o)
 .debug_info    0x0000000000021885      0x8b4 /usr/lib/gcc/arm-none-eabi/4.9.3/../../../arm-none-eabi/lib/armv7-m/libc.a(lib_a-mlock.o)
 .debug_info    0x0000000000022139      0xcb3 /usr/lib/gcc/arm-none-eabi/4.9.3/../../../arm-none-eabi/lib/armv7-m/libc.a(lib_a-reallocr.o)
 .debug_info    0x0000000000022dec      0x9fb /usr/lib/gcc/arm-none-eabi/4.9.3/../../../arm-none-eabi/lib/armv7-m/libc.a(lib_a-reent.o)
 .debug_info    0x00000000000237e7      0xb8a /usr/lib/gcc/arm-none-eabi/4.9.3/../../../arm-none-eabi/lib/armv7-m/libc.a(lib_a-stdio.o)
 .debug_info    0x0000000000024371       0xb5 /usr/lib/gcc/arm-none-eabi/4.9.3/../../../arm-none-eabi/lib/armv7-m/libc.a(lib_a-strlen.o)
 .debug_info    0x0000000000024426      0x9cc /usr/lib/gcc/arm-none-eabi/4.9.3/../../../arm-none-eabi/lib/armv7-m/libc.a(lib_a-wbuf.o)
 .debug_info    0x0000000000024df2      0xa75 /usr/lib/gcc/arm-none-eabi/4.9.3/../../../arm-none-eabi/lib/armv7-m/libc.a(lib_a-wcrtomb.o)
 .debug_info    0x0000000000025867      0x9b5 /usr/lib/gcc/arm-none-eabi/4.9.3/../../../arm-none-eabi/lib/armv7-m/libc.a(lib_a-wctomb_r.o)
 .debug_info    0x000000000002621c      0xa28 /usr/lib/gcc/arm-none-eabi/4.9.3/../../../arm-none-eabi/lib/armv7-m/libc.a(lib_a-fclose.o)
 .debug_info    0x0000000000026c44       0xb5 /usr/lib/gcc/arm-none-eabi/4.9.3/armv7-m/libgcc.a(_aeabi_uldivmod.o)
 .debug_info    0x0000000000026cf9      0x164 /usr/lib/gcc/arm-none-eabi/4.9.3/armv7-m/libgcc.a(bpabi.o)
 .debug_info    0x0000000000026e5d       0xb9 /usr/lib/gcc/arm-none-eabi/4.9.3/armv7-m/libgcc.a(_dvmd_tls.o)
 .debug_info    0x0000000000026f16      0x5bc /usr/lib/gcc/arm-none-eabi/4.9.3/armv7-m/libgcc.a(_divdi3.o)
 .debug_info    0x00000000000274d2      0x57c /usr/lib/gcc/arm-none-eabi/4.9.3/armv7-m/libgcc.a(_udivdi3.o)

.debug_abbrev   0x0000000000000000     0x877e
 .debug_abbrev  0x0000000000000000      0x13a build/obj/crt0.o
 .debug_abbrev  0x000000000000013a       0x75 build/obj/vectors.o
 .debug_abbrev  0x00000000000001af      0x23f build/obj/chcore_v7m.o
 .debug_abbrev  0x00000000000003ee      0x10e build/obj/nvic.o
 .debug_abbrev  0x00000000000004fc      0x211 build/obj/chsys.o
 .debug_abbrev  0x000000000000070d      0x133 build/obj/chvt.o
 .debug_abbrev  0x0000000000000840      0x311 build/obj/chschd.o
 .debug_abbrev  0x0000000000000b51      0x335 build/obj/chthreads.o
 .debug_abbrev  0x0000000000000e86      0x303 build/obj/chmtx.o
 .debug_abbrev  0x0000000000001189      0x2c2 build/obj/chevents.o
 .debug_abbrev  0x000000000000144b      0x335 build/obj/chqueues.o
 .debug_abbrev  0x0000000000001780      0x15b build/obj/chmemcore.o
 .debug_abbrev  0x00000000000018db      0x1e7 build/obj/chheap.o
 .debug_abbrev  0x0000000000001ac2      0x10a build/obj/hal.o
 .debug_abbrev  0x0000000000001bcc      0x2c0 build/obj/serial.o
 .debug_abbrev  0x0000000000001e8c      0x114 build/obj/hal_lld.o
 .debug_abbrev  0x0000000000001fa0       0xe3 build/obj/system_SAM3.o
 .debug_abbrev  0x0000000000002083      0x11b build/obj/pal_lld.o
 .debug_abbrev  0x000000000000219e      0x3c2 build/obj/serial_lld.o
 .debug_abbrev  0x0000000000002560      0x1f4 build/obj/pio.o
 .debug_abbrev  0x0000000000002754      0x15e build/obj/pmc.o
 .debug_abbrev  0x00000000000028b2      0x21a build/obj/atmel_twi.o
 .debug_abbrev  0x0000000000002acc      0x22c build/obj/atmel_twid.o
 .debug_abbrev  0x0000000000002cf8      0x10e build/obj/atmel_psram.o
 .debug_abbrev  0x0000000000002e06       0xdc build/obj/wdt.o
 .debug_abbrev  0x0000000000002ee2      0x15d build/obj/board.o
 .debug_abbrev  0x000000000000303f      0x23a build/obj/syscalls.o
 .debug_abbrev  0x0000000000003279      0x255 build/obj/i2c.o
 .debug_abbrev  0x00000000000034ce      0x4c3 build/obj/lsm9ds1.o
 .debug_abbrev  0x0000000000003991      0x550 build/obj/main.o
 .debug_abbrev  0x0000000000003ee1       0x89 /usr/lib/gcc/arm-none-eabi/4.9.3/../../../arm-none-eabi/lib/armv7-m/libm.a(lib_a-w_atan2.o)
 .debug_abbrev  0x0000000000003f6a      0x13a /usr/lib/gcc/arm-none-eabi/4.9.3/../../../arm-none-eabi/lib/armv7-m/libm.a(lib_a-w_sqrt.o)
 .debug_abbrev  0x00000000000040a4      0x142 /usr/lib/gcc/arm-none-eabi/4.9.3/../../../arm-none-eabi/lib/armv7-m/libm.a(lib_a-e_atan2.o)
 .debug_abbrev  0x00000000000041e6      0x109 /usr/lib/gcc/arm-none-eabi/4.9.3/../../../arm-none-eabi/lib/armv7-m/libm.a(lib_a-e_sqrt.o)
 .debug_abbrev  0x00000000000042ef      0x140 /usr/lib/gcc/arm-none-eabi/4.9.3/../../../arm-none-eabi/lib/armv7-m/libm.a(lib_a-s_atan.o)
 .debug_abbrev  0x000000000000442f       0xbb /usr/lib/gcc/arm-none-eabi/4.9.3/../../../arm-none-eabi/lib/armv7-m/libm.a(lib_a-s_fabs.o)
 .debug_abbrev  0x00000000000044ea       0x6d /usr/lib/gcc/arm-none-eabi/4.9.3/../../../arm-none-eabi/lib/armv7-m/libm.a(lib_a-s_fpclassify.o)
 .debug_abbrev  0x0000000000004557       0x4f /usr/lib/gcc/arm-none-eabi/4.9.3/../../../arm-none-eabi/lib/armv7-m/libm.a(lib_a-s_lib_ver.o)
 .debug_abbrev  0x00000000000045a6       0x9a /usr/lib/gcc/arm-none-eabi/4.9.3/../../../arm-none-eabi/lib/armv7-m/libm.a(lib_a-s_matherr.o)
 .debug_abbrev  0x0000000000004640       0x14 /usr/lib/gcc/arm-none-eabi/4.9.3/armv7-m/libgcc.a(_arm_addsubdf3.o)
 .debug_abbrev  0x0000000000004654       0x14 /usr/lib/gcc/arm-none-eabi/4.9.3/armv7-m/libgcc.a(_arm_muldivdf3.o)
 .debug_abbrev  0x0000000000004668       0x14 /usr/lib/gcc/arm-none-eabi/4.9.3/armv7-m/libgcc.a(_arm_cmpdf2.o)
 .debug_abbrev  0x000000000000467c       0x14 /usr/lib/gcc/arm-none-eabi/4.9.3/armv7-m/libgcc.a(_arm_truncdfsf2.o)
 .debug_abbrev  0x0000000000004690       0x14 /usr/lib/gcc/arm-none-eabi/4.9.3/armv7-m/libgcc.a(_arm_addsubsf3.o)
 .debug_abbrev  0x00000000000046a4       0x14 /usr/lib/gcc/arm-none-eabi/4.9.3/armv7-m/libgcc.a(_arm_muldivsf3.o)
 .debug_abbrev  0x00000000000046b8       0x95 /usr/lib/gcc/arm-none-eabi/4.9.3/../../../arm-none-eabi/lib/armv7-m/libc.a(lib_a-abort.o)
 .debug_abbrev  0x000000000000474d      0x1f8 /usr/lib/gcc/arm-none-eabi/4.9.3/../../../arm-none-eabi/lib/armv7-m/libc.a(lib_a-assert.o)
 .debug_abbrev  0x0000000000004945      0x18f /usr/lib/gcc/arm-none-eabi/4.9.3/../../../arm-none-eabi/lib/armv7-m/libc.a(lib_a-errno.o)
 .debug_abbrev  0x0000000000004ad4      0x1fa /usr/lib/gcc/arm-none-eabi/4.9.3/../../../arm-none-eabi/lib/armv7-m/libc.a(lib_a-fiprintf.o)
 .debug_abbrev  0x0000000000004cce      0x180 /usr/lib/gcc/arm-none-eabi/4.9.3/../../../arm-none-eabi/lib/armv7-m/libc.a(lib_a-impure.o)
 .debug_abbrev  0x0000000000004e4e       0x14 /usr/lib/gcc/arm-none-eabi/4.9.3/../../../arm-none-eabi/lib/armv7-m/libc.a(lib_a-memcpy.o)
 .debug_abbrev  0x0000000000004e62       0x9f /usr/lib/gcc/arm-none-eabi/4.9.3/../../../arm-none-eabi/lib/armv7-m/libc.a(lib_a-memset.o)
 .debug_abbrev  0x0000000000004f01      0x2d7 /usr/lib/gcc/arm-none-eabi/4.9.3/../../../arm-none-eabi/lib/armv7-m/libc.a(lib_a-signal.o)
 .debug_abbrev  0x00000000000051d8      0x20a /usr/lib/gcc/arm-none-eabi/4.9.3/../../../arm-none-eabi/lib/armv7-m/libc.a(lib_a-signalr.o)
 .debug_abbrev  0x00000000000053e2      0x3c9 /usr/lib/gcc/arm-none-eabi/4.9.3/../../../arm-none-eabi/lib/armv7-m/libc.a(lib_a-vfiprintf.o)
 .debug_abbrev  0x00000000000057ab      0x20b /usr/lib/gcc/arm-none-eabi/4.9.3/../../../arm-none-eabi/lib/armv7-m/libc.a(lib_a-wsetup.o)
 .debug_abbrev  0x00000000000059b6      0x2a1 /usr/lib/gcc/arm-none-eabi/4.9.3/../../../arm-none-eabi/lib/armv7-m/libc.a(lib_a-fflush.o)
 .debug_abbrev  0x0000000000005c57      0x36d /usr/lib/gcc/arm-none-eabi/4.9.3/../../../arm-none-eabi/lib/armv7-m/libc.a(lib_a-findfp.o)
 .debug_abbrev  0x0000000000005fc4      0x28e /usr/lib/gcc/arm-none-eabi/4.9.3/../../../arm-none-eabi/lib/armv7-m/libc.a(lib_a-fputwc.o)
 .debug_abbrev  0x0000000000006252      0x27b /usr/lib/gcc/arm-none-eabi/4.9.3/../../../arm-none-eabi/lib/armv7-m/libc.a(lib_a-freer.o)
 .debug_abbrev  0x00000000000064cd      0x24a /usr/lib/gcc/arm-none-eabi/4.9.3/../../../arm-none-eabi/lib/armv7-m/libc.a(lib_a-fvwrite.o)
 .debug_abbrev  0x0000000000006717      0x1c2 /usr/lib/gcc/arm-none-eabi/4.9.3/../../../arm-none-eabi/lib/armv7-m/libc.a(lib_a-fwalk.o)
 .debug_abbrev  0x00000000000068d9      0x2ac /usr/lib/gcc/arm-none-eabi/4.9.3/../../../arm-none-eabi/lib/armv7-m/libc.a(lib_a-locale.o)
 .debug_abbrev  0x0000000000006b85      0x206 /usr/lib/gcc/arm-none-eabi/4.9.3/../../../arm-none-eabi/lib/armv7-m/libc.a(lib_a-makebuf.o)
 .debug_abbrev  0x0000000000006d8b      0x2ad /usr/lib/gcc/arm-none-eabi/4.9.3/../../../arm-none-eabi/lib/armv7-m/libc.a(lib_a-mallocr.o)
 .debug_abbrev  0x0000000000007038       0xba /usr/lib/gcc/arm-none-eabi/4.9.3/../../../arm-none-eabi/lib/armv7-m/libc.a(lib_a-memchr.o)
 .debug_abbrev  0x00000000000070f2       0xab /usr/lib/gcc/arm-none-eabi/4.9.3/../../../arm-none-eabi/lib/armv7-m/libc.a(lib_a-memmove.o)
 .debug_abbrev  0x000000000000719d      0x19a /usr/lib/gcc/arm-none-eabi/4.9.3/../../../arm-none-eabi/lib/armv7-m/libc.a(lib_a-mlock.o)
 .debug_abbrev  0x0000000000007337      0x260 /usr/lib/gcc/arm-none-eabi/4.9.3/../../../arm-none-eabi/lib/armv7-m/libc.a(lib_a-reallocr.o)
 .debug_abbrev  0x0000000000007597      0x25c /usr/lib/gcc/arm-none-eabi/4.9.3/../../../arm-none-eabi/lib/armv7-m/libc.a(lib_a-reent.o)
 .debug_abbrev  0x00000000000077f3      0x246 /usr/lib/gcc/arm-none-eabi/4.9.3/../../../arm-none-eabi/lib/armv7-m/libc.a(lib_a-stdio.o)
 .debug_abbrev  0x0000000000007a39       0x70 /usr/lib/gcc/arm-none-eabi/4.9.3/../../../arm-none-eabi/lib/armv7-m/libc.a(lib_a-strlen.o)
 .debug_abbrev  0x0000000000007aa9      0x25b /usr/lib/gcc/arm-none-eabi/4.9.3/../../../arm-none-eabi/lib/armv7-m/libc.a(lib_a-wbuf.o)
 .debug_abbrev  0x0000000000007d04      0x222 /usr/lib/gcc/arm-none-eabi/4.9.3/../../../arm-none-eabi/lib/armv7-m/libc.a(lib_a-wcrtomb.o)
 .debug_abbrev  0x0000000000007f26      0x212 /usr/lib/gcc/arm-none-eabi/4.9.3/../../../arm-none-eabi/lib/armv7-m/libc.a(lib_a-wctomb_r.o)
 .debug_abbrev  0x0000000000008138      0x2aa /usr/lib/gcc/arm-none-eabi/4.9.3/../../../arm-none-eabi/lib/armv7-m/libc.a(lib_a-fclose.o)
 .debug_abbrev  0x00000000000083e2       0x14 /usr/lib/gcc/arm-none-eabi/4.9.3/armv7-m/libgcc.a(_aeabi_uldivmod.o)
 .debug_abbrev  0x00000000000083f6       0xb7 /usr/lib/gcc/arm-none-eabi/4.9.3/armv7-m/libgcc.a(bpabi.o)
 .debug_abbrev  0x00000000000084ad       0x14 /usr/lib/gcc/arm-none-eabi/4.9.3/armv7-m/libgcc.a(_dvmd_tls.o)
 .debug_abbrev  0x00000000000084c1      0x169 /usr/lib/gcc/arm-none-eabi/4.9.3/armv7-m/libgcc.a(_divdi3.o)
 .debug_abbrev  0x000000000000862a      0x154 /usr/lib/gcc/arm-none-eabi/4.9.3/armv7-m/libgcc.a(_udivdi3.o)

.debug_loc      0x0000000000000000    0x1035e
 .debug_loc     0x0000000000000000       0xba build/obj/crt0.o
 .debug_loc     0x00000000000000ba       0x5a build/obj/chcore_v7m.o
 .debug_loc     0x0000000000000114      0x158 build/obj/nvic.o
 .debug_loc     0x000000000000026c       0x31 build/obj/chsys.o
 .debug_loc     0x000000000000029d       0xd9 build/obj/chvt.o
 .debug_loc     0x0000000000000376      0x2a4 build/obj/chschd.o
 .debug_loc     0x000000000000061a      0x423 build/obj/chthreads.o
 .debug_loc     0x0000000000000a3d      0x41a build/obj/chmtx.o
 .debug_loc     0x0000000000000e57      0x591 build/obj/chevents.o
 .debug_loc     0x00000000000013e8      0x4f5 build/obj/chqueues.o
 .debug_loc     0x00000000000018dd       0xb0 build/obj/chmemcore.o
 .debug_loc     0x000000000000198d      0x3a1 build/obj/chheap.o
 .debug_loc     0x0000000000001d2e      0x4e0 build/obj/serial.o
 .debug_loc     0x000000000000220e       0x42 build/obj/pal_lld.o
 .debug_loc     0x0000000000002250      0x299 build/obj/serial_lld.o
 .debug_loc     0x00000000000024e9      0x39a build/obj/pio.o
 .debug_loc     0x0000000000002883      0x269 build/obj/pmc.o
 .debug_loc     0x0000000000002aec      0x83c build/obj/atmel_twi.o
 .debug_loc     0x0000000000003328      0x8f6 build/obj/atmel_twid.o
 .debug_loc     0x0000000000003c1e       0x50 build/obj/atmel_psram.o
 .debug_loc     0x0000000000003c6e       0x59 build/obj/wdt.o
 .debug_loc     0x0000000000003cc7      0x1a4 build/obj/syscalls.o
 .debug_loc     0x0000000000003e6b      0x254 build/obj/i2c.o
 .debug_loc     0x00000000000040bf     0x295e build/obj/lsm9ds1.o
 .debug_loc     0x0000000000006a1d      0x771 build/obj/main.o
 .debug_loc     0x000000000000718e       0x50 /usr/lib/gcc/arm-none-eabi/4.9.3/../../../arm-none-eabi/lib/armv7-m/libm.a(lib_a-w_atan2.o)
 .debug_loc     0x00000000000071de       0x40 /usr/lib/gcc/arm-none-eabi/4.9.3/../../../arm-none-eabi/lib/armv7-m/libm.a(lib_a-w_sqrt.o)
 .debug_loc     0x000000000000721e      0x65c /usr/lib/gcc/arm-none-eabi/4.9.3/../../../arm-none-eabi/lib/armv7-m/libm.a(lib_a-e_atan2.o)
 .debug_loc     0x000000000000787a      0x4ce /usr/lib/gcc/arm-none-eabi/4.9.3/../../../arm-none-eabi/lib/armv7-m/libm.a(lib_a-e_sqrt.o)
 .debug_loc     0x0000000000007d48      0x384 /usr/lib/gcc/arm-none-eabi/4.9.3/../../../arm-none-eabi/lib/armv7-m/libm.a(lib_a-s_atan.o)
 .debug_loc     0x00000000000080cc       0x2b /usr/lib/gcc/arm-none-eabi/4.9.3/../../../arm-none-eabi/lib/armv7-m/libm.a(lib_a-s_fabs.o)
 .debug_loc     0x00000000000080f7       0xa8 /usr/lib/gcc/arm-none-eabi/4.9.3/../../../arm-none-eabi/lib/armv7-m/libm.a(lib_a-s_fpclassify.o)
 .debug_loc     0x000000000000819f       0x21 /usr/lib/gcc/arm-none-eabi/4.9.3/../../../arm-none-eabi/lib/armv7-m/libm.a(lib_a-s_matherr.o)
 .debug_loc     0x00000000000081c0      0x135 /usr/lib/gcc/arm-none-eabi/4.9.3/../../../arm-none-eabi/lib/armv7-m/libc.a(lib_a-assert.o)
 .debug_loc     0x00000000000082f5       0x6e /usr/lib/gcc/arm-none-eabi/4.9.3/../../../arm-none-eabi/lib/armv7-m/libc.a(lib_a-fiprintf.o)
 .debug_loc     0x0000000000008363      0x1ae /usr/lib/gcc/arm-none-eabi/4.9.3/../../../arm-none-eabi/lib/armv7-m/libc.a(lib_a-memset.o)
 .debug_loc     0x0000000000008511      0x433 /usr/lib/gcc/arm-none-eabi/4.9.3/../../../arm-none-eabi/lib/armv7-m/libc.a(lib_a-signal.o)
 .debug_loc     0x0000000000008944       0x9a /usr/lib/gcc/arm-none-eabi/4.9.3/../../../arm-none-eabi/lib/armv7-m/libc.a(lib_a-signalr.o)
 .debug_loc     0x00000000000089de     0x197b /usr/lib/gcc/arm-none-eabi/4.9.3/../../../arm-none-eabi/lib/armv7-m/libc.a(lib_a-vfiprintf.o)
 .debug_loc     0x000000000000a359       0x8c /usr/lib/gcc/arm-none-eabi/4.9.3/../../../arm-none-eabi/lib/armv7-m/libc.a(lib_a-wsetup.o)
 .debug_loc     0x000000000000a3e5      0x236 /usr/lib/gcc/arm-none-eabi/4.9.3/../../../arm-none-eabi/lib/armv7-m/libc.a(lib_a-fflush.o)
 .debug_loc     0x000000000000a61b      0x22e /usr/lib/gcc/arm-none-eabi/4.9.3/../../../arm-none-eabi/lib/armv7-m/libc.a(lib_a-findfp.o)
 .debug_loc     0x000000000000a849      0x1ff /usr/lib/gcc/arm-none-eabi/4.9.3/../../../arm-none-eabi/lib/armv7-m/libc.a(lib_a-fputwc.o)
 .debug_loc     0x000000000000aa48      0x50d /usr/lib/gcc/arm-none-eabi/4.9.3/../../../arm-none-eabi/lib/armv7-m/libc.a(lib_a-freer.o)
 .debug_loc     0x000000000000af55      0x63c /usr/lib/gcc/arm-none-eabi/4.9.3/../../../arm-none-eabi/lib/armv7-m/libc.a(lib_a-fvwrite.o)
 .debug_loc     0x000000000000b591      0x1f1 /usr/lib/gcc/arm-none-eabi/4.9.3/../../../arm-none-eabi/lib/armv7-m/libc.a(lib_a-fwalk.o)
 .debug_loc     0x000000000000b782      0x131 /usr/lib/gcc/arm-none-eabi/4.9.3/../../../arm-none-eabi/lib/armv7-m/libc.a(lib_a-locale.o)
 .debug_loc     0x000000000000b8b3      0x10c /usr/lib/gcc/arm-none-eabi/4.9.3/../../../arm-none-eabi/lib/armv7-m/libc.a(lib_a-makebuf.o)
 .debug_loc     0x000000000000b9bf      0xd6d /usr/lib/gcc/arm-none-eabi/4.9.3/../../../arm-none-eabi/lib/armv7-m/libc.a(lib_a-mallocr.o)
 .debug_loc     0x000000000000c72c      0x180 /usr/lib/gcc/arm-none-eabi/4.9.3/../../../arm-none-eabi/lib/armv7-m/libc.a(lib_a-memchr.o)
 .debug_loc     0x000000000000c8ac      0x2ef /usr/lib/gcc/arm-none-eabi/4.9.3/../../../arm-none-eabi/lib/armv7-m/libc.a(lib_a-memmove.o)
 .debug_loc     0x000000000000cb9b     0x12a3 /usr/lib/gcc/arm-none-eabi/4.9.3/../../../arm-none-eabi/lib/armv7-m/libc.a(lib_a-reallocr.o)
 .debug_loc     0x000000000000de3e      0x11d /usr/lib/gcc/arm-none-eabi/4.9.3/../../../arm-none-eabi/lib/armv7-m/libc.a(lib_a-reent.o)
 .debug_loc     0x000000000000df5b      0x29e /usr/lib/gcc/arm-none-eabi/4.9.3/../../../arm-none-eabi/lib/armv7-m/libc.a(lib_a-stdio.o)
 .debug_loc     0x000000000000e1f9       0x21 /usr/lib/gcc/arm-none-eabi/4.9.3/../../../arm-none-eabi/lib/armv7-m/libc.a(lib_a-strlen.o)
 .debug_loc     0x000000000000e21a      0x11d /usr/lib/gcc/arm-none-eabi/4.9.3/../../../arm-none-eabi/lib/armv7-m/libc.a(lib_a-wbuf.o)
 .debug_loc     0x000000000000e337      0x1fa /usr/lib/gcc/arm-none-eabi/4.9.3/../../../arm-none-eabi/lib/armv7-m/libc.a(lib_a-wcrtomb.o)
 .debug_loc     0x000000000000e531      0x124 /usr/lib/gcc/arm-none-eabi/4.9.3/../../../arm-none-eabi/lib/armv7-m/libc.a(lib_a-wctomb_r.o)
 .debug_loc     0x000000000000e655      0x151 /usr/lib/gcc/arm-none-eabi/4.9.3/../../../arm-none-eabi/lib/armv7-m/libc.a(lib_a-fclose.o)
 .debug_loc     0x000000000000e7a6       0xa0 /usr/lib/gcc/arm-none-eabi/4.9.3/armv7-m/libgcc.a(bpabi.o)
 .debug_loc     0x000000000000e846      0xdbd /usr/lib/gcc/arm-none-eabi/4.9.3/armv7-m/libgcc.a(_divdi3.o)
 .debug_loc     0x000000000000f603      0xd5b /usr/lib/gcc/arm-none-eabi/4.9.3/armv7-m/libgcc.a(_udivdi3.o)

.debug_aranges  0x0000000000000000     0x1220
 .debug_aranges
                0x0000000000000000       0x38 build/obj/crt0.o
 .debug_aranges
                0x0000000000000038       0x20 build/obj/vectors.o
 .debug_aranges
                0x0000000000000058       0x50 build/obj/chcore_v7m.o
 .debug_aranges
                0x00000000000000a8       0x30 build/obj/nvic.o
 .debug_aranges
                0x00000000000000d8       0x30 build/obj/chsys.o
 .debug_aranges
                0x0000000000000108       0x38 build/obj/chvt.o
 .debug_aranges
                0x0000000000000140       0x58 build/obj/chschd.o
 .debug_aranges
                0x0000000000000198       0x78 build/obj/chthreads.o
 .debug_aranges
                0x0000000000000210       0x58 build/obj/chmtx.o
 .debug_aranges
                0x0000000000000268       0x90 build/obj/chevents.o
 .debug_aranges
                0x00000000000002f8       0x70 build/obj/chqueues.o
 .debug_aranges
                0x0000000000000368       0x38 build/obj/chmemcore.o
 .debug_aranges
                0x00000000000003a0       0x40 build/obj/chheap.o
 .debug_aranges
                0x00000000000003e0       0x20 build/obj/hal.o
 .debug_aranges
                0x0000000000000400       0x90 build/obj/serial.o
 .debug_aranges
                0x0000000000000490       0x28 build/obj/hal_lld.o
 .debug_aranges
                0x00000000000004b8       0x28 build/obj/system_SAM3.o
 .debug_aranges
                0x00000000000004e0       0x28 build/obj/pal_lld.o
 .debug_aranges
                0x0000000000000508       0x58 build/obj/serial_lld.o
 .debug_aranges
                0x0000000000000560       0x48 build/obj/pio.o
 .debug_aranges
                0x00000000000005a8       0x60 build/obj/pmc.o
 .debug_aranges
                0x0000000000000608       0x98 build/obj/atmel_twi.o
 .debug_aranges
                0x00000000000006a0       0x38 build/obj/atmel_twid.o
 .debug_aranges
                0x00000000000006d8       0x20 build/obj/atmel_psram.o
 .debug_aranges
                0x00000000000006f8       0x40 build/obj/wdt.o
 .debug_aranges
                0x0000000000000738       0x28 build/obj/board.o
 .debug_aranges
                0x0000000000000760       0x68 build/obj/syscalls.o
 .debug_aranges
                0x00000000000007c8       0x48 build/obj/i2c.o
 .debug_aranges
                0x0000000000000810      0x1e0 build/obj/lsm9ds1.o
 .debug_aranges
                0x00000000000009f0       0x50 build/obj/main.o
 .debug_aranges
                0x0000000000000a40       0x20 /usr/lib/gcc/arm-none-eabi/4.9.3/../../../arm-none-eabi/lib/armv7-m/libm.a(lib_a-w_atan2.o)
 .debug_aranges